Component: ARM Compiler 5.06 update 7 (build 960) Tool: armlink [4d3601]

==============================================================================

Section Cross References

    startup.o(STACK) refers (Special) to heapauxi.o(.text) for __use_two_region_memory
    startup.o(HEAP) refers (Special) to heapauxi.o(.text) for __use_two_region_memory
    startup.o(RESET) refers (Special) to heapauxi.o(.text) for __use_two_region_memory
    startup.o(RESET) refers to startup.o(STACK) for StackMem
    startup.o(RESET) refers to spaceinvaders.o(i.SysTick_Handler) for SysTick_Handler
    startup.o(RESET) refers to sound.o(i.Timer0A_Handler) for Timer0A_Handler
    startup.o(RESET) refers to spaceinvaders.o(i.Timer1A_Handler) for Timer1A_Handler
    startup.o(RESET) refers to texas.o(i.Timer5A_Handler) for Timer5A_Handler
    startup.o(RESET) refers to __main.o(!!!main) for __main
    startup.o(.text) refers (Special) to heapauxi.o(.text) for __use_two_region_memory
    startup.o(.text) refers to startup.o(HEAP) for HeapMem
    startup.o(.text) refers to startup.o(STACK) for StackMem
    random.o(.text) refers to random.o(DATA) for M
    sound.o(i.Sound_Explosion) refers to sound.o(i.Sound_Start) for Sound_Start
    sound.o(i.Sound_Explosion) refers to sound.o(.constdata) for explosion
    sound.o(i.Sound_Init) refers to dac.o(i.DAC_Init) for DAC_Init
    sound.o(i.Sound_Init) refers to timer0.o(i.Timer0_Init) for Timer0_Init
    sound.o(i.Sound_Killed) refers to sound.o(i.Sound_Start) for Sound_Start
    sound.o(i.Sound_Killed) refers to sound.o(.constdata) for invaderkilled
    sound.o(i.Sound_Shoot) refers to sound.o(i.Sound_Start) for Sound_Start
    sound.o(i.Sound_Shoot) refers to sound.o(.constdata) for shoot
    sound.o(i.Sound_Start) refers to sound.o(i.Sound_Init) for Sound_Init
    sound.o(i.Sound_Start) refers to sound.o(.data) for Length
    sound.o(i.Timer0A_Handler) refers to dac.o(i.DAC_Out) for DAC_Out
    sound.o(i.Timer0A_Handler) refers to sound.o(.data) for Length
    print.o(.text) refers (Special) to st7735.o(i.ST7735_OutString) for ST7735_OutString
    print.o(.text) refers to st7735.o(i.ST7735_OutChar) for ST7735_OutChar
    spaceinvaders.o(i.EnglishEnding) refers to st7735.o(i.ST7735_SetCursor) for ST7735_SetCursor
    spaceinvaders.o(i.EnglishEnding) refers to st7735.o(i.ST7735_FillScreen) for ST7735_FillScreen
    spaceinvaders.o(i.EnglishEnding) refers to st7735.o(i.ST7735_OutString) for ST7735_OutString
    spaceinvaders.o(i.EnglishEnding) refers to spaceinvaders.o(i.Delay100ms) for Delay100ms
    spaceinvaders.o(i.FiloEnding) refers to st7735.o(i.ST7735_SetCursor) for ST7735_SetCursor
    spaceinvaders.o(i.FiloEnding) refers to st7735.o(i.ST7735_OutString) for ST7735_OutString
    spaceinvaders.o(i.FiloEnding) refers to spaceinvaders.o(i.Delay100ms) for Delay100ms
    spaceinvaders.o(i.FiloEnding) refers to st7735.o(i.ST7735_FillScreen) for ST7735_FillScreen
    spaceinvaders.o(i.GeneralEnding) refers to spaceinvaders.o(i.Delay100ms) for Delay100ms
    spaceinvaders.o(i.GeneralEnding) refers to st7735.o(i.ST7735_FillScreen) for ST7735_FillScreen
    spaceinvaders.o(i.GeneralEnding) refers to st7735.o(i.ST7735_SetCursor) for ST7735_SetCursor
    spaceinvaders.o(i.GeneralEnding) refers to st7735.o(i.ST7735_OutString) for ST7735_OutString
    spaceinvaders.o(i.SysTick_Handler) refers to adc.o(i.ADC_In) for ADC_In
    spaceinvaders.o(i.SysTick_Handler) refers to spaceinvaders.o(.data) for MailInADC
    spaceinvaders.o(i.ending) refers to st7735.o(i.ST7735_FillScreen) for ST7735_FillScreen
    spaceinvaders.o(i.ending) refers to spaceinvaders.o(i.Delay100ms) for Delay100ms
    spaceinvaders.o(i.ending) refers to st7735.o(i.ST7735_SetCursor) for ST7735_SetCursor
    spaceinvaders.o(i.ending) refers to st7735.o(i.ST7735_OutString) for ST7735_OutString
    spaceinvaders.o(i.ending) refers to adc.o(i.ADC_In) for ADC_In
    spaceinvaders.o(i.ending) refers to spaceinvaders.o(i.GeneralEnding) for GeneralEnding
    spaceinvaders.o(i.ending) refers to spaceinvaders.o(i.EnglishEnding) for EnglishEnding
    spaceinvaders.o(i.ending) refers to spaceinvaders.o(i.FiloEnding) for FiloEnding
    spaceinvaders.o(i.ending) refers to spaceinvaders.o(.data) for language
    spaceinvaders.o(i.main) refers to startup.o(.text) for DisableInterrupts
    spaceinvaders.o(i.main) refers to texas.o(i.TExaS_Init) for TExaS_Init
    spaceinvaders.o(i.main) refers to adc.o(i.ADC_Init) for ADC_Init
    spaceinvaders.o(i.main) refers to st7735.o(i.Output_Init) for Output_Init
    spaceinvaders.o(i.main) refers to st7735.o(i.ST7735_FillScreen) for ST7735_FillScreen
    spaceinvaders.o(i.main) refers to spaceinvaders.o(i.Init) for Init
    spaceinvaders.o(i.main) refers to spaceinvaders.o(i.SysTick_Init) for SysTick_Init
    spaceinvaders.o(i.main) refers to st7735.o(i.ST7735_SetCursor) for ST7735_SetCursor
    spaceinvaders.o(i.main) refers to st7735.o(i.ST7735_OutString) for ST7735_OutString
    spaceinvaders.o(i.main) refers to spaceinvaders.o(i.Delay100ms) for Delay100ms
    spaceinvaders.o(i.main) refers to sound.o(i.Sound_Explosion) for Sound_Explosion
    spaceinvaders.o(i.main) refers to sound.o(i.Sound_Shoot) for Sound_Shoot
    spaceinvaders.o(i.main) refers to st7735.o(i.ST7735_OutChar) for ST7735_OutChar
    spaceinvaders.o(i.main) refers to spaceinvaders.o(.data) for input
    spaceinvaders.o(i.main) refers to spaceinvaders.o(i.printwallshoot) for printwallshoot
    spaceinvaders.o(i.main) refers to spaceinvaders.o(i.printnowallshoot) for printnowallshoot
    spaceinvaders.o(i.main) refers to spaceinvaders.o(i.ending) for ending
    spaceinvaders.o(i.printnowallshoot) refers to st7735.o(i.ST7735_SetCursor) for ST7735_SetCursor
    spaceinvaders.o(i.printnowallshoot) refers to st7735.o(i.ST7735_OutChar) for ST7735_OutChar
    spaceinvaders.o(i.printnowallshoot) refers to st7735.o(i.ST7735_OutString) for ST7735_OutString
    spaceinvaders.o(i.printnowallshoot) refers to print.o(.text) for LCD_OutDec
    spaceinvaders.o(i.printnowallshoot) refers to spaceinvaders.o(i.Delay100ms) for Delay100ms
    spaceinvaders.o(i.printnowallshoot) refers to spaceinvaders.o(.data) for x_value
    spaceinvaders.o(i.printwallshoot) refers to st7735.o(i.ST7735_SetCursor) for ST7735_SetCursor
    spaceinvaders.o(i.printwallshoot) refers to st7735.o(i.ST7735_OutChar) for ST7735_OutChar
    spaceinvaders.o(i.printwallshoot) refers to spaceinvaders.o(i.somefunnyshoot) for somefunnyshoot
    spaceinvaders.o(i.printwallshoot) refers to st7735.o(i.ST7735_OutString) for ST7735_OutString
    spaceinvaders.o(i.printwallshoot) refers to print.o(.text) for LCD_OutDec
    spaceinvaders.o(i.printwallshoot) refers to sound.o(i.Sound_Killed) for Sound_Killed
    spaceinvaders.o(i.printwallshoot) refers to spaceinvaders.o(i.Delay100ms) for Delay100ms
    spaceinvaders.o(i.printwallshoot) refers to spaceinvaders.o(.data) for yLCD
    spaceinvaders.o(i.somefunnyshoot) refers to st7735.o(i.ST7735_FillScreen) for ST7735_FillScreen
    spaceinvaders.o(i.somefunnyshoot) refers to st7735.o(i.ST7735_DrawBitmap) for ST7735_DrawBitmap
    spaceinvaders.o(i.somefunnyshoot) refers to spaceinvaders.o(i.Delay100ms) for Delay100ms
    spaceinvaders.o(i.somefunnyshoot) refers to spaceinvaders.o(.constdata) for Bunker0
    spaceinvaders.o(i.somefunnyshoot) refers to spaceinvaders.o(.data) for b
    st7735.o(i.Output_Clear) refers to st7735.o(i.ST7735_FillScreen) for ST7735_FillScreen
    st7735.o(i.Output_Color) refers to st7735.o(i.ST7735_SetTextColor) for ST7735_SetTextColor
    st7735.o(i.Output_Init) refers to st7735.o(i.ST7735_InitR) for ST7735_InitR
    st7735.o(i.Output_Init) refers to st7735.o(i.ST7735_FillScreen) for ST7735_FillScreen
    st7735.o(i.Output_Off) refers to st7735.o(i.Output_Clear) for Output_Clear
    st7735.o(i.Output_On) refers to st7735.o(i.Output_Init) for Output_Init
    st7735.o(i.ST7735_DrawBitmap) refers to st7735.o(i.setAddrWindow) for setAddrWindow
    st7735.o(i.ST7735_DrawBitmap) refers to lcd.o(.text) for writedata
    st7735.o(i.ST7735_DrawBitmap) refers to st7735.o(.data) for _width
    st7735.o(i.ST7735_DrawChar) refers to st7735.o(i.setAddrWindow) for setAddrWindow
    st7735.o(i.ST7735_DrawChar) refers to st7735.o(i.pushColor) for pushColor
    st7735.o(i.ST7735_DrawChar) refers to st7735.o(.data) for _width
    st7735.o(i.ST7735_DrawChar) refers to st7735.o(.constdata) for Font
    st7735.o(i.ST7735_DrawCharS) refers to st7735.o(i.ST7735_DrawPixel) for ST7735_DrawPixel
    st7735.o(i.ST7735_DrawCharS) refers to st7735.o(i.ST7735_FillRect) for ST7735_FillRect
    st7735.o(i.ST7735_DrawCharS) refers to st7735.o(.data) for _width
    st7735.o(i.ST7735_DrawCharS) refers to st7735.o(.constdata) for Font
    st7735.o(i.ST7735_DrawCircle) refers to st7735.o(i.setAddrWindow) for setAddrWindow
    st7735.o(i.ST7735_DrawCircle) refers to lcd.o(.text) for writedata
    st7735.o(i.ST7735_DrawCircle) refers to st7735.o(i.deselect) for deselect
    st7735.o(i.ST7735_DrawCircle) refers to st7735.o(.data) for _width
    st7735.o(i.ST7735_DrawCircle) refers to st7735.o(.constdata) for circle
    st7735.o(i.ST7735_DrawFastHLine) refers to st7735.o(i.setAddrWindow) for setAddrWindow
    st7735.o(i.ST7735_DrawFastHLine) refers to lcd.o(.text) for writedata
    st7735.o(i.ST7735_DrawFastHLine) refers to st7735.o(.data) for _width
    st7735.o(i.ST7735_DrawFastVLine) refers to st7735.o(i.setAddrWindow) for setAddrWindow
    st7735.o(i.ST7735_DrawFastVLine) refers to lcd.o(.text) for writedata
    st7735.o(i.ST7735_DrawFastVLine) refers to st7735.o(.data) for _width
    st7735.o(i.ST7735_DrawPixel) refers to st7735.o(i.setAddrWindow) for setAddrWindow
    st7735.o(i.ST7735_DrawPixel) refers to st7735.o(i.pushColor) for pushColor
    st7735.o(i.ST7735_DrawPixel) refers to st7735.o(.data) for _width
    st7735.o(i.ST7735_DrawSmallCircle) refers to st7735.o(i.setAddrWindow) for setAddrWindow
    st7735.o(i.ST7735_DrawSmallCircle) refers to lcd.o(.text) for writedata
    st7735.o(i.ST7735_DrawSmallCircle) refers to st7735.o(i.deselect) for deselect
    st7735.o(i.ST7735_DrawSmallCircle) refers to st7735.o(.data) for _width
    st7735.o(i.ST7735_DrawSmallCircle) refers to st7735.o(.constdata) for smallCircle
    st7735.o(i.ST7735_DrawString) refers to st7735.o(i.ST7735_DrawCharS) for ST7735_DrawCharS
    st7735.o(i.ST7735_FillRect) refers to st7735.o(i.setAddrWindow) for setAddrWindow
    st7735.o(i.ST7735_FillRect) refers to lcd.o(.text) for writedata
    st7735.o(i.ST7735_FillRect) refers to st7735.o(.data) for _width
    st7735.o(i.ST7735_FillScreen) refers to st7735.o(i.ST7735_FillRect) for ST7735_FillRect
    st7735.o(i.ST7735_FillScreen) refers to st7735.o(.data) for _height
    st7735.o(i.ST7735_InitB) refers to st7735.o(i.commonInit) for commonInit
    st7735.o(i.ST7735_InitB) refers to st7735.o(i.ST7735_SetCursor) for ST7735_SetCursor
    st7735.o(i.ST7735_InitB) refers to st7735.o(i.ST7735_FillScreen) for ST7735_FillScreen
    st7735.o(i.ST7735_InitB) refers to st7735.o(.constdata) for Bcmd
    st7735.o(i.ST7735_InitB) refers to st7735.o(.data) for StTextColor
    st7735.o(i.ST7735_InitR) refers to st7735.o(i.commonInit) for commonInit
    st7735.o(i.ST7735_InitR) refers to st7735.o(i.commandList) for commandList
    st7735.o(i.ST7735_InitR) refers to lcd.o(.text) for writecommand
    st7735.o(i.ST7735_InitR) refers to st7735.o(i.ST7735_SetCursor) for ST7735_SetCursor
    st7735.o(i.ST7735_InitR) refers to st7735.o(i.ST7735_FillScreen) for ST7735_FillScreen
    st7735.o(i.ST7735_InitR) refers to st7735.o(.constdata) for Rcmd1
    st7735.o(i.ST7735_InitR) refers to st7735.o(.data) for ColStart
    st7735.o(i.ST7735_InvertDisplay) refers to lcd.o(.text) for writecommand
    st7735.o(i.ST7735_OutChar) refers to st7735.o(i.ST7735_DrawString) for ST7735_DrawString
    st7735.o(i.ST7735_OutChar) refers to st7735.o(i.ST7735_DrawCharS) for ST7735_DrawCharS
    st7735.o(i.ST7735_OutChar) refers to st7735.o(.data) for StY
    st7735.o(i.ST7735_OutString) refers to st7735.o(i.ST7735_OutChar) for ST7735_OutChar
    st7735.o(i.ST7735_OutUDec) refers to st7735.o(i.fillmessage) for fillmessage
    st7735.o(i.ST7735_OutUDec) refers to st7735.o(i.ST7735_DrawString) for ST7735_DrawString
    st7735.o(i.ST7735_OutUDec) refers to st7735.o(i.ST7735_DrawCharS) for ST7735_DrawCharS
    st7735.o(i.ST7735_OutUDec) refers to st7735.o(.data) for Messageindex
    st7735.o(i.ST7735_OutUDec) refers to st7735.o(.bss) for Message
    st7735.o(i.ST7735_PlotBar) refers to st7735.o(i.ST7735_DrawFastVLine) for ST7735_DrawFastVLine
    st7735.o(i.ST7735_PlotBar) refers to st7735.o(.data) for Ymin
    st7735.o(i.ST7735_PlotClear) refers to st7735.o(i.ST7735_Color565) for ST7735_Color565
    st7735.o(i.ST7735_PlotClear) refers to st7735.o(i.ST7735_FillRect) for ST7735_FillRect
    st7735.o(i.ST7735_PlotClear) refers to st7735.o(.data) for Ymax
    st7735.o(i.ST7735_PlotLine) refers to st7735.o(i.ST7735_DrawPixel) for ST7735_DrawPixel
    st7735.o(i.ST7735_PlotLine) refers to st7735.o(.data) for Ymin
    st7735.o(i.ST7735_PlotNext) refers to st7735.o(.data) for X
    st7735.o(i.ST7735_PlotNextErase) refers to st7735.o(i.ST7735_Color565) for ST7735_Color565
    st7735.o(i.ST7735_PlotNextErase) refers to st7735.o(i.ST7735_DrawFastVLine) for ST7735_DrawFastVLine
    st7735.o(i.ST7735_PlotNextErase) refers to st7735.o(.data) for X
    st7735.o(i.ST7735_PlotPoint) refers to st7735.o(i.ST7735_DrawPixel) for ST7735_DrawPixel
    st7735.o(i.ST7735_PlotPoint) refers to st7735.o(.data) for Ymin
    st7735.o(i.ST7735_PlotPoints) refers to st7735.o(i.ST7735_DrawPixel) for ST7735_DrawPixel
    st7735.o(i.ST7735_PlotPoints) refers to st7735.o(.data) for Ymin
    st7735.o(i.ST7735_PlotdBfs) refers to st7735.o(i.ST7735_DrawFastVLine) for ST7735_DrawFastVLine
    st7735.o(i.ST7735_PlotdBfs) refers to st7735.o(.constdata) for dBfs
    st7735.o(i.ST7735_PlotdBfs) refers to st7735.o(.data) for X
    st7735.o(i.ST7735_SetCursor) refers to st7735.o(.data) for StX
    st7735.o(i.ST7735_SetRotation) refers to lcd.o(.text) for writecommand
    st7735.o(i.ST7735_SetRotation) refers to st7735.o(.data) for Rotation
    st7735.o(i.ST7735_SetTextColor) refers to st7735.o(.data) for StTextColor
    st7735.o(i.commandList) refers to lcd.o(.text) for writecommand
    st7735.o(i.commandList) refers to st7735.o(i.Delay1ms) for Delay1ms
    st7735.o(i.commonInit) refers to st7735.o(i.Delay1ms) for Delay1ms
    st7735.o(i.commonInit) refers to st7735.o(i.commandList) for commandList
    st7735.o(i.commonInit) refers to st7735.o(.data) for RowStart
    st7735.o(i.fillmessage) refers to st7735.o(.bss) for Message
    st7735.o(i.fillmessage) refers to st7735.o(.data) for Messageindex
    st7735.o(i.fputc) refers to st7735.o(i.ST7735_OutChar) for ST7735_OutChar
    st7735.o(i.pushColor) refers to lcd.o(.text) for writedata
    st7735.o(i.setAddrWindow) refers to lcd.o(.text) for writecommand
    st7735.o(i.setAddrWindow) refers to st7735.o(.data) for ColStart
    texas.o(i.PeriodicTask2_Init) refers to texas.o(.data) for PeriodicTask2
    texas.o(i.TExaS_Init) refers to startup.o(.text) for DisableInterrupts
    texas.o(i.TExaS_Init) refers to pll.o(i.PLL_Init) for PLL_Init
    texas.o(i.TExaS_Init) refers to texas.o(i.UART0_Init) for UART0_Init
    texas.o(i.TExaS_Init) refers to texas.o(i.PeriodicTask2_Init) for PeriodicTask2_Init
    texas.o(i.TExaS_Init) refers to texas.o(i.ADC1_Init) for ADC1_Init
    texas.o(i.TExaS_Init) refers to texas.o(i.LogicAnalyzerA) for LogicAnalyzerA
    texas.o(i.TExaS_Init) refers to texas.o(i.LogicAnalyzerB) for LogicAnalyzerB
    texas.o(i.TExaS_Init) refers to texas.o(i.LogicAnalyzerC) for LogicAnalyzerC
    texas.o(i.TExaS_Init) refers to texas.o(i.LogicAnalyzerE) for LogicAnalyzerE
    texas.o(i.TExaS_Init) refers to texas.o(i.LogicAnalyzerF) for LogicAnalyzerF
    texas.o(i.TExaS_Init) refers to texas.o(i.Scope) for Scope
    texas.o(i.TExaS_Stop) refers to texas.o(i.PeriodicTask2_Stop) for PeriodicTask2_Stop
    texas.o(i.Timer5A_Handler) refers to texas.o(.data) for PeriodicTask2
    texas.o(i.UART0_OutString) refers to texas.o(i.UART0_OutChar) for UART0_OutChar
    __main.o(!!!main) refers to __rtentry.o(.ARM.Collect$$rtentry$$00000000) for __rt_entry
    __rtentry.o(.ARM.Collect$$rtentry$$00000000) refers (Special) to __rtentry2.o(.ARM.Collect$$rtentry$$0000000A) for __rt_entry_li
    __rtentry.o(.ARM.Collect$$rtentry$$00000000) refers (Special) to __rtentry2.o(.ARM.Collect$$rtentry$$0000000D) for __rt_entry_main
    __rtentry.o(.ARM.Collect$$rtentry$$00000000) refers (Special) to __rtentry2.o(.ARM.Collect$$rtentry$$0000000C) for __rt_entry_postli_1
    __rtentry.o(.ARM.Collect$$rtentry$$00000000) refers (Special) to __rtentry2.o(.ARM.Collect$$rtentry$$00000009) for __rt_entry_postsh_1
    __rtentry.o(.ARM.Collect$$rtentry$$00000000) refers (Special) to __rtentry2.o(.ARM.Collect$$rtentry$$00000002) for __rt_entry_presh_1
    __rtentry.o(.ARM.Collect$$rtentry$$00000000) refers (Special) to __rtentry4.o(.ARM.Collect$$rtentry$$00000004) for __rt_entry_sh
    __rtentry2.o(.ARM.Collect$$rtentry$$00000008) refers to boardinit2.o(.text) for _platform_post_stackheap_init
    __rtentry2.o(.ARM.Collect$$rtentry$$0000000A) refers to libinit.o(.ARM.Collect$$libinit$$00000000) for __rt_lib_init
    __rtentry2.o(.ARM.Collect$$rtentry$$0000000B) refers to boardinit3.o(.text) for _platform_post_lib_init
    __rtentry2.o(.ARM.Collect$$rtentry$$0000000D) refers to spaceinvaders.o(i.main) for main
    __rtentry2.o(.ARM.Collect$$rtentry$$0000000D) refers to exit.o(.text) for exit
    __rtentry2.o(.ARM.exidx) refers to __rtentry2.o(.ARM.Collect$$rtentry$$00000001) for .ARM.Collect$$rtentry$$00000001
    __rtentry2.o(.ARM.exidx) refers to __rtentry2.o(.ARM.Collect$$rtentry$$00000008) for .ARM.Collect$$rtentry$$00000008
    __rtentry2.o(.ARM.exidx) refers to __rtentry2.o(.ARM.Collect$$rtentry$$0000000A) for .ARM.Collect$$rtentry$$0000000A
    __rtentry2.o(.ARM.exidx) refers to __rtentry2.o(.ARM.Collect$$rtentry$$0000000B) for .ARM.Collect$$rtentry$$0000000B
    __rtentry2.o(.ARM.exidx) refers to __rtentry2.o(.ARM.Collect$$rtentry$$0000000D) for .ARM.Collect$$rtentry$$0000000D
    __rtentry4.o(.ARM.Collect$$rtentry$$00000004) refers to sys_stackheap_outer.o(.text) for __user_setup_stackheap
    __rtentry4.o(.ARM.exidx) refers to __rtentry4.o(.ARM.Collect$$rtentry$$00000004) for .ARM.Collect$$rtentry$$00000004
    sys_stackheap_outer.o(.text) refers to libspace.o(.text) for __user_perproc_libspace
    sys_stackheap_outer.o(.text) refers to startup.o(.text) for __user_initial_stackheap
    exit.o(.text) refers to rtexit.o(.ARM.Collect$$rtexit$$00000000) for __rt_exit
    libinit.o(.ARM.Collect$$libinit$$00000000) refers (Special) to libinit2.o(.ARM.Collect$$libinit$$0000002E) for __rt_lib_init_alloca_1
    libinit.o(.ARM.Collect$$libinit$$00000000) refers (Special) to libinit2.o(.ARM.Collect$$libinit$$0000002C) for __rt_lib_init_argv_1
    libinit.o(.ARM.Collect$$libinit$$00000000) refers (Special) to libinit2.o(.ARM.Collect$$libinit$$0000001B) for __rt_lib_init_atexit_1
    libinit.o(.ARM.Collect$$libinit$$00000000) refers (Special) to libinit2.o(.ARM.Collect$$libinit$$00000021) for __rt_lib_init_clock_1
    libinit.o(.ARM.Collect$$libinit$$00000000) refers (Special) to libinit2.o(.ARM.Collect$$libinit$$00000032) for __rt_lib_init_cpp_1
    libinit.o(.ARM.Collect$$libinit$$00000000) refers (Special) to libinit2.o(.ARM.Collect$$libinit$$00000030) for __rt_lib_init_exceptions_1
    libinit.o(.ARM.Collect$$libinit$$00000000) refers (Special) to libinit2.o(.ARM.Collect$$libinit$$00000002) for __rt_lib_init_fp_1
    libinit.o(.ARM.Collect$$libinit$$00000000) refers (Special) to libinit2.o(.ARM.Collect$$libinit$$0000001F) for __rt_lib_init_fp_trap_1
    libinit.o(.ARM.Collect$$libinit$$00000000) refers (Special) to libinit2.o(.ARM.Collect$$libinit$$00000023) for __rt_lib_init_getenv_1
    libinit.o(.ARM.Collect$$libinit$$00000000) refers (Special) to libinit2.o(.ARM.Collect$$libinit$$0000000A) for __rt_lib_init_heap_1
    libinit.o(.ARM.Collect$$libinit$$00000000) refers (Special) to libinit2.o(.ARM.Collect$$libinit$$00000011) for __rt_lib_init_lc_collate_1
    libinit.o(.ARM.Collect$$libinit$$00000000) refers (Special) to libinit2.o(.ARM.Collect$$libinit$$00000013) for __rt_lib_init_lc_ctype_1
    libinit.o(.ARM.Collect$$libinit$$00000000) refers (Special) to libinit2.o(.ARM.Collect$$libinit$$00000015) for __rt_lib_init_lc_monetary_1
    libinit.o(.ARM.Collect$$libinit$$00000000) refers (Special) to libinit2.o(.ARM.Collect$$libinit$$00000017) for __rt_lib_init_lc_numeric_1
    libinit.o(.ARM.Collect$$libinit$$00000000) refers (Special) to libinit2.o(.ARM.Collect$$libinit$$00000019) for __rt_lib_init_lc_time_1
    libinit.o(.ARM.Collect$$libinit$$00000000) refers (Special) to libinit2.o(.ARM.Collect$$libinit$$00000004) for __rt_lib_init_preinit_1
    libinit.o(.ARM.Collect$$libinit$$00000000) refers (Special) to libinit2.o(.ARM.Collect$$libinit$$0000000E) for __rt_lib_init_rand_1
    libinit.o(.ARM.Collect$$libinit$$00000000) refers (Special) to libinit2.o(.ARM.Collect$$libinit$$00000033) for __rt_lib_init_return
    libinit.o(.ARM.Collect$$libinit$$00000000) refers (Special) to libinit2.o(.ARM.Collect$$libinit$$0000001D) for __rt_lib_init_signal_1
    libinit.o(.ARM.Collect$$libinit$$00000000) refers (Special) to libinit2.o(.ARM.Collect$$libinit$$00000025) for __rt_lib_init_stdio_1
    libinit.o(.ARM.Collect$$libinit$$00000000) refers (Special) to libinit2.o(.ARM.Collect$$libinit$$0000000C) for __rt_lib_init_user_alloc_1
    libspace.o(.text) refers to libspace.o(.bss) for __libspace_start
    rtexit.o(.ARM.Collect$$rtexit$$00000000) refers (Special) to rtexit2.o(.ARM.Collect$$rtexit$$00000004) for __rt_exit_exit
    rtexit.o(.ARM.Collect$$rtexit$$00000000) refers (Special) to rtexit2.o(.ARM.Collect$$rtexit$$00000003) for __rt_exit_ls
    rtexit.o(.ARM.Collect$$rtexit$$00000000) refers (Special) to rtexit2.o(.ARM.Collect$$rtexit$$00000002) for __rt_exit_prels_1
    rtexit.o(.ARM.exidx) refers (Special) to rtexit2.o(.ARM.Collect$$rtexit$$00000004) for __rt_exit_exit
    rtexit.o(.ARM.exidx) refers (Special) to rtexit2.o(.ARM.Collect$$rtexit$$00000003) for __rt_exit_ls
    rtexit.o(.ARM.exidx) refers (Special) to rtexit2.o(.ARM.Collect$$rtexit$$00000002) for __rt_exit_prels_1
    rtexit.o(.ARM.exidx) refers to rtexit.o(.ARM.Collect$$rtexit$$00000000) for .ARM.Collect$$rtexit$$00000000
    libinit2.o(.ARM.Collect$$libinit$$00000010) refers to libinit2.o(.ARM.Collect$$libinit$$0000000F) for .ARM.Collect$$libinit$$0000000F
    libinit2.o(.ARM.Collect$$libinit$$00000012) refers to libinit2.o(.ARM.Collect$$libinit$$0000000F) for .ARM.Collect$$libinit$$0000000F
    libinit2.o(.ARM.Collect$$libinit$$00000014) refers to libinit2.o(.ARM.Collect$$libinit$$0000000F) for .ARM.Collect$$libinit$$0000000F
    libinit2.o(.ARM.Collect$$libinit$$00000016) refers to libinit2.o(.ARM.Collect$$libinit$$0000000F) for .ARM.Collect$$libinit$$0000000F
    libinit2.o(.ARM.Collect$$libinit$$00000018) refers to libinit2.o(.ARM.Collect$$libinit$$0000000F) for .ARM.Collect$$libinit$$0000000F
    libinit2.o(.ARM.Collect$$libinit$$00000026) refers to argv_veneer.o(.emb_text) for __ARM_argv_veneer
    libinit2.o(.ARM.Collect$$libinit$$00000027) refers to argv_veneer.o(.emb_text) for __ARM_argv_veneer
    rtexit2.o(.ARM.Collect$$rtexit$$00000003) refers to libshutdown.o(.ARM.Collect$$libshutdown$$00000000) for __rt_lib_shutdown
    rtexit2.o(.ARM.Collect$$rtexit$$00000004) refers to sys_exit.o(.text) for _sys_exit
    rtexit2.o(.ARM.exidx) refers to rtexit2.o(.ARM.Collect$$rtexit$$00000001) for .ARM.Collect$$rtexit$$00000001
    rtexit2.o(.ARM.exidx) refers to rtexit2.o(.ARM.Collect$$rtexit$$00000003) for .ARM.Collect$$rtexit$$00000003
    rtexit2.o(.ARM.exidx) refers to rtexit2.o(.ARM.Collect$$rtexit$$00000004) for .ARM.Collect$$rtexit$$00000004
    argv_veneer.o(.emb_text) refers to no_argv.o(.text) for __ARM_get_argv
    sys_exit.o(.text) refers (Special) to use_no_semi.o(.text) for __I$use$semihosting
    sys_exit.o(.text) refers (Special) to indicate_semi.o(.text) for __semihosting_library_function
    _get_argv_nomalloc.o(.text) refers (Special) to hrguard.o(.text) for __heap_region$guard
    _get_argv_nomalloc.o(.text) refers to defsig_rtmem_outer.o(.text) for __rt_SIGRTMEM
    _get_argv_nomalloc.o(.text) refers to sys_command.o(.text) for _sys_command_string
    libshutdown.o(.ARM.Collect$$libshutdown$$00000000) refers (Special) to libshutdown2.o(.ARM.Collect$$libshutdown$$00000004) for __rt_lib_shutdown_cpp_1
    libshutdown.o(.ARM.Collect$$libshutdown$$00000000) refers (Special) to libshutdown2.o(.ARM.Collect$$libshutdown$$00000002) for __rt_lib_shutdown_fini_1
    libshutdown.o(.ARM.Collect$$libshutdown$$00000000) refers (Special) to libshutdown2.o(.ARM.Collect$$libshutdown$$00000009) for __rt_lib_shutdown_fp_trap_1
    libshutdown.o(.ARM.Collect$$libshutdown$$00000000) refers (Special) to libshutdown2.o(.ARM.Collect$$libshutdown$$00000011) for __rt_lib_shutdown_heap_1
    libshutdown.o(.ARM.Collect$$libshutdown$$00000000) refers (Special) to libshutdown2.o(.ARM.Collect$$libshutdown$$00000012) for __rt_lib_shutdown_return
    libshutdown.o(.ARM.Collect$$libshutdown$$00000000) refers (Special) to libshutdown2.o(.ARM.Collect$$libshutdown$$0000000C) for __rt_lib_shutdown_signal_1
    libshutdown.o(.ARM.Collect$$libshutdown$$00000000) refers (Special) to libshutdown2.o(.ARM.Collect$$libshutdown$$00000006) for __rt_lib_shutdown_stdio_1
    libshutdown.o(.ARM.Collect$$libshutdown$$00000000) refers (Special) to libshutdown2.o(.ARM.Collect$$libshutdown$$0000000E) for __rt_lib_shutdown_user_alloc_1
    sys_command.o(.text) refers (Special) to use_no_semi.o(.text) for __I$use$semihosting
    sys_command.o(.text) refers (Special) to indicate_semi.o(.text) for __semihosting_library_function
    defsig_rtmem_outer.o(.text) refers to defsig_rtmem_inner.o(.text) for __rt_SIGRTMEM_inner
    defsig_rtmem_outer.o(.text) refers to defsig_exit.o(.text) for __sig_exit
    defsig_rtmem_formal.o(.text) refers to rt_raise.o(.text) for __rt_raise
    rt_raise.o(.text) refers to __raise.o(.text) for __raise
    rt_raise.o(.text) refers to sys_exit.o(.text) for _sys_exit
    defsig_exit.o(.text) refers to sys_exit.o(.text) for _sys_exit
    defsig_rtmem_inner.o(.text) refers to defsig_general.o(.text) for __default_signal_display
    __raise.o(.text) refers to defsig.o(CL$$defsig) for __default_signal_handler
    defsig_general.o(.text) refers to sys_wrch.o(.text) for _ttywrch
    sys_wrch.o(.text) refers (Special) to use_no_semi.o(.text) for __I$use$semihosting
    sys_wrch.o(.text) refers (Special) to indicate_semi.o(.text) for __semihosting_library_function
    defsig.o(CL$$defsig) refers to defsig_rtmem_inner.o(.text) for __rt_SIGRTMEM_inner
    defsig_abrt_inner.o(.text) refers to defsig_general.o(.text) for __default_signal_display
    defsig_fpe_inner.o(.text) refers to defsig_general.o(.text) for __default_signal_display
    defsig_rtred_inner.o(.text) refers to defsig_general.o(.text) for __default_signal_display
    defsig_stak_inner.o(.text) refers to defsig_general.o(.text) for __default_signal_display
    defsig_pvfn_inner.o(.text) refers to defsig_general.o(.text) for __default_signal_display
    defsig_cppl_inner.o(.text) refers to defsig_general.o(.text) for __default_signal_display
    defsig_segv_inner.o(.text) refers to defsig_general.o(.text) for __default_signal_display
    defsig_other.o(.text) refers to defsig_general.o(.text) for __default_signal_display


==============================================================================

Removing Unused input sections from the image.

    Removing random.o(DATA), (4 bytes).
    Removing random.o(.text), (64 bytes).
    Removing timer1.o(i.Timer1_Init), (96 bytes).
    Removing st7735.o(i.Output_Clear), (10 bytes).
    Removing st7735.o(i.Output_Color), (12 bytes).
    Removing st7735.o(i.Output_Off), (8 bytes).
    Removing st7735.o(i.Output_On), (8 bytes).
    Removing st7735.o(i.ST7735_Color565), (24 bytes).
    Removing st7735.o(i.ST7735_DrawChar), (272 bytes).
    Removing st7735.o(i.ST7735_DrawCircle), (172 bytes).
    Removing st7735.o(i.ST7735_DrawFastHLine), (124 bytes).
    Removing st7735.o(i.ST7735_DrawFastVLine), (124 bytes).
    Removing st7735.o(i.ST7735_DrawSmallCircle), (172 bytes).
    Removing st7735.o(i.ST7735_InitB), (40 bytes).
    Removing st7735.o(i.ST7735_InvertDisplay), (22 bytes).
    Removing st7735.o(i.ST7735_OutUDec), (140 bytes).
    Removing st7735.o(i.ST7735_PlotBar), (88 bytes).
    Removing st7735.o(i.ST7735_PlotClear), (92 bytes).
    Removing st7735.o(i.ST7735_PlotLine), (264 bytes).
    Removing st7735.o(i.ST7735_PlotNext), (32 bytes).
    Removing st7735.o(i.ST7735_PlotNextErase), (64 bytes).
    Removing st7735.o(i.ST7735_PlotPoint), (152 bytes).
    Removing st7735.o(i.ST7735_PlotPoints), (172 bytes).
    Removing st7735.o(i.ST7735_PlotdBfs), (60 bytes).
    Removing st7735.o(i.ST7735_SetRotation), (212 bytes).
    Removing st7735.o(i.ST7735_SetTextColor), (12 bytes).
    Removing st7735.o(i.ST7735_SwapColor), (18 bytes).
    Removing st7735.o(i.deselect), (28 bytes).
    Removing st7735.o(i.ferror), (8 bytes).
    Removing st7735.o(i.fgetc), (6 bytes).
    Removing st7735.o(i.fillmessage), (72 bytes).
    Removing st7735.o(i.fputc), (16 bytes).
    Removing st7735.o(.bss), (12 bytes).
    Removing texas.o(i.PeriodicTask2_Stop), (36 bytes).
    Removing texas.o(i.TExaS_Stop), (8 bytes).
    Removing texas.o(i.UART0_InChar), (28 bytes).
    Removing texas.o(i.UART0_OutChar), (24 bytes).
    Removing texas.o(i.UART0_OutString), (22 bytes).

38 unused section(s) (total 2718 bytes) removed from the image.

==============================================================================

Image Symbol Table

    Local Symbols

    Symbol Name                              Value     Ov Type        Size  Object(Section)

    RESET                                    0x00000000   Section      644  startup.o(RESET)
    ../clib/angel/boardlib.s                 0x00000000   Number         0  boardinit2.o ABSOLUTE
    ../clib/angel/boardlib.s                 0x00000000   Number         0  boardinit1.o ABSOLUTE
    ../clib/angel/boardlib.s                 0x00000000   Number         0  boardinit3.o ABSOLUTE
    ../clib/angel/boardlib.s                 0x00000000   Number         0  boardshut.o ABSOLUTE
    ../clib/angel/dczerorl2.s                0x00000000   Number         0  __dczerorl2.o ABSOLUTE
    ../clib/angel/handlers.s                 0x00000000   Number         0  __scatter_zi.o ABSOLUTE
    ../clib/angel/kernel.s                   0x00000000   Number         0  __rtentry4.o ABSOLUTE
    ../clib/angel/kernel.s                   0x00000000   Number         0  __rtentry.o ABSOLUTE
    ../clib/angel/kernel.s                   0x00000000   Number         0  rtexit.o ABSOLUTE
    ../clib/angel/kernel.s                   0x00000000   Number         0  __rtentry2.o ABSOLUTE
    ../clib/angel/kernel.s                   0x00000000   Number         0  rtexit2.o ABSOLUTE
    ../clib/angel/rt.s                       0x00000000   Number         0  rt_raise.o ABSOLUTE
    ../clib/angel/scatter.s                  0x00000000   Number         0  __scatter.o ABSOLUTE
    ../clib/angel/startup.s                  0x00000000   Number         0  __main.o ABSOLUTE
    ../clib/angel/sys.s                      0x00000000   Number         0  libspace.o ABSOLUTE
    ../clib/angel/sys.s                      0x00000000   Number         0  use_no_semi.o ABSOLUTE
    ../clib/angel/sys.s                      0x00000000   Number         0  indicate_semi.o ABSOLUTE
    ../clib/angel/sys.s                      0x00000000   Number         0  sys_stackheap_outer.o ABSOLUTE
    ../clib/angel/sysapp.c                   0x00000000   Number         0  sys_wrch.o ABSOLUTE
    ../clib/angel/sysapp.c                   0x00000000   Number         0  sys_exit.o ABSOLUTE
    ../clib/angel/sysapp.c                   0x00000000   Number         0  sys_command.o ABSOLUTE
    ../clib/armsys.c                         0x00000000   Number         0  argv_veneer.o ABSOLUTE
    ../clib/armsys.c                         0x00000000   Number         0  _get_argv_nomalloc.o ABSOLUTE
    ../clib/armsys.c                         0x00000000   Number         0  argv_veneer.o ABSOLUTE
    ../clib/armsys.c                         0x00000000   Number         0  no_argv.o ABSOLUTE
    ../clib/heapalloc.c                      0x00000000   Number         0  hrguard.o ABSOLUTE
    ../clib/heapaux.c                        0x00000000   Number         0  heapauxi.o ABSOLUTE
    ../clib/libinit.s                        0x00000000   Number         0  libinit.o ABSOLUTE
    ../clib/libinit.s                        0x00000000   Number         0  libinit2.o ABSOLUTE
    ../clib/libinit.s                        0x00000000   Number         0  libshutdown.o ABSOLUTE
    ../clib/libinit.s                        0x00000000   Number         0  libshutdown2.o ABSOLUTE
    ../clib/signal.c                         0x00000000   Number         0  defsig_general.o ABSOLUTE
    ../clib/signal.c                         0x00000000   Number         0  __raise.o ABSOLUTE
    ../clib/signal.c                         0x00000000   Number         0  defsig_rtmem_inner.o ABSOLUTE
    ../clib/signal.c                         0x00000000   Number         0  defsig_exit.o ABSOLUTE
    ../clib/signal.c                         0x00000000   Number         0  defsig_rtred_inner.o ABSOLUTE
    ../clib/signal.c                         0x00000000   Number         0  defsig_stak_inner.o ABSOLUTE
    ../clib/signal.c                         0x00000000   Number         0  defsig_segv_inner.o ABSOLUTE
    ../clib/signal.c                         0x00000000   Number         0  defsig_cppl_inner.o ABSOLUTE
    ../clib/signal.c                         0x00000000   Number         0  defsig_pvfn_inner.o ABSOLUTE
    ../clib/signal.c                         0x00000000   Number         0  defsig_rtmem_outer.o ABSOLUTE
    ../clib/signal.c                         0x00000000   Number         0  defsig_fpe_inner.o ABSOLUTE
    ../clib/signal.c                         0x00000000   Number         0  defsig_abrt_inner.o ABSOLUTE
    ../clib/signal.c                         0x00000000   Number         0  defsig_other.o ABSOLUTE
    ../clib/signal.c                         0x00000000   Number         0  defsig_rtmem_formal.o ABSOLUTE
    ../clib/signal.s                         0x00000000   Number         0  defsig.o ABSOLUTE
    ../clib/stdlib.c                         0x00000000   Number         0  exit.o ABSOLUTE
    ../fplib/fpinit.s                        0x00000000   Number         0  fpinit.o ABSOLUTE
    ADC.c                                    0x00000000   Number         0  adc.o ABSOLUTE
    DAC.c                                    0x00000000   Number         0  dac.o ABSOLUTE
    LCD.s                                    0x00000000   Number         0  lcd.o ABSOLUTE
    PLL.c                                    0x00000000   Number         0  pll.o ABSOLUTE
    Print.s                                  0x00000000   Number         0  print.o ABSOLUTE
    ST7735.c                                 0x00000000   Number         0  st7735.o ABSOLUTE
    Sound.c                                  0x00000000   Number         0  sound.o ABSOLUTE
    SpaceInvaders.c                          0x00000000   Number         0  spaceinvaders.o ABSOLUTE
    TExaS.c                                  0x00000000   Number         0  texas.o ABSOLUTE
    Timer0.c                                 0x00000000   Number         0  timer0.o ABSOLUTE
    Timer1.c                                 0x00000000   Number         0  timer1.o ABSOLUTE
    dc.s                                     0x00000000   Number         0  dc.o ABSOLUTE
    random.s                                 0x00000000   Number         0  random.o ABSOLUTE
    startup.s                                0x00000000   Number         0  startup.o ABSOLUTE
    !!!main                                  0x00000284   Section        8  __main.o(!!!main)
    !!!scatter                               0x0000028c   Section       52  __scatter.o(!!!scatter)
    !!dczerorl2                              0x000002c0   Section       90  __dczerorl2.o(!!dczerorl2)
    !!handler_zi                             0x0000031c   Section       28  __scatter_zi.o(!!handler_zi)
    .ARM.Collect$$libinit$$00000000          0x00000338   Section        2  libinit.o(.ARM.Collect$$libinit$$00000000)
    .ARM.Collect$$libinit$$00000002          0x0000033a   Section        0  libinit2.o(.ARM.Collect$$libinit$$00000002)
    .ARM.Collect$$libinit$$00000004          0x0000033a   Section        0  libinit2.o(.ARM.Collect$$libinit$$00000004)
    .ARM.Collect$$libinit$$0000000A          0x0000033a   Section        0  libinit2.o(.ARM.Collect$$libinit$$0000000A)
    .ARM.Collect$$libinit$$0000000C          0x0000033a   Section        0  libinit2.o(.ARM.Collect$$libinit$$0000000C)
    .ARM.Collect$$libinit$$0000000E          0x0000033a   Section        0  libinit2.o(.ARM.Collect$$libinit$$0000000E)
    .ARM.Collect$$libinit$$00000011          0x0000033a   Section        0  libinit2.o(.ARM.Collect$$libinit$$00000011)
    .ARM.Collect$$libinit$$00000013          0x0000033a   Section        0  libinit2.o(.ARM.Collect$$libinit$$00000013)
    .ARM.Collect$$libinit$$00000015          0x0000033a   Section        0  libinit2.o(.ARM.Collect$$libinit$$00000015)
    .ARM.Collect$$libinit$$00000017          0x0000033a   Section        0  libinit2.o(.ARM.Collect$$libinit$$00000017)
    .ARM.Collect$$libinit$$00000019          0x0000033a   Section        0  libinit2.o(.ARM.Collect$$libinit$$00000019)
    .ARM.Collect$$libinit$$0000001B          0x0000033a   Section        0  libinit2.o(.ARM.Collect$$libinit$$0000001B)
    .ARM.Collect$$libinit$$0000001D          0x0000033a   Section        0  libinit2.o(.ARM.Collect$$libinit$$0000001D)
    .ARM.Collect$$libinit$$0000001F          0x0000033a   Section        0  libinit2.o(.ARM.Collect$$libinit$$0000001F)
    .ARM.Collect$$libinit$$00000021          0x0000033a   Section        0  libinit2.o(.ARM.Collect$$libinit$$00000021)
    .ARM.Collect$$libinit$$00000023          0x0000033a   Section        0  libinit2.o(.ARM.Collect$$libinit$$00000023)
    .ARM.Collect$$libinit$$00000025          0x0000033a   Section        0  libinit2.o(.ARM.Collect$$libinit$$00000025)
    .ARM.Collect$$libinit$$0000002C          0x0000033a   Section        0  libinit2.o(.ARM.Collect$$libinit$$0000002C)
    .ARM.Collect$$libinit$$0000002E          0x0000033a   Section        0  libinit2.o(.ARM.Collect$$libinit$$0000002E)
    .ARM.Collect$$libinit$$00000030          0x0000033a   Section        0  libinit2.o(.ARM.Collect$$libinit$$00000030)
    .ARM.Collect$$libinit$$00000032          0x0000033a   Section        0  libinit2.o(.ARM.Collect$$libinit$$00000032)
    .ARM.Collect$$libinit$$00000033          0x0000033a   Section        2  libinit2.o(.ARM.Collect$$libinit$$00000033)
    .ARM.Collect$$libshutdown$$00000000      0x0000033c   Section        2  libshutdown.o(.ARM.Collect$$libshutdown$$00000000)
    .ARM.Collect$$libshutdown$$00000002      0x0000033e   Section        0  libshutdown2.o(.ARM.Collect$$libshutdown$$00000002)
    .ARM.Collect$$libshutdown$$00000004      0x0000033e   Section        0  libshutdown2.o(.ARM.Collect$$libshutdown$$00000004)
    .ARM.Collect$$libshutdown$$00000006      0x0000033e   Section        0  libshutdown2.o(.ARM.Collect$$libshutdown$$00000006)
    .ARM.Collect$$libshutdown$$00000009      0x0000033e   Section        0  libshutdown2.o(.ARM.Collect$$libshutdown$$00000009)
    .ARM.Collect$$libshutdown$$0000000C      0x0000033e   Section        0  libshutdown2.o(.ARM.Collect$$libshutdown$$0000000C)
    .ARM.Collect$$libshutdown$$0000000E      0x0000033e   Section        0  libshutdown2.o(.ARM.Collect$$libshutdown$$0000000E)
    .ARM.Collect$$libshutdown$$00000011      0x0000033e   Section        0  libshutdown2.o(.ARM.Collect$$libshutdown$$00000011)
    .ARM.Collect$$libshutdown$$00000012      0x0000033e   Section        2  libshutdown2.o(.ARM.Collect$$libshutdown$$00000012)
    .ARM.Collect$$rtentry$$00000000          0x00000340   Section        0  __rtentry.o(.ARM.Collect$$rtentry$$00000000)
    .ARM.Collect$$rtentry$$00000002          0x00000340   Section        0  __rtentry2.o(.ARM.Collect$$rtentry$$00000002)
    .ARM.Collect$$rtentry$$00000004          0x00000340   Section        6  __rtentry4.o(.ARM.Collect$$rtentry$$00000004)
    .ARM.Collect$$rtentry$$00000009          0x00000346   Section        0  __rtentry2.o(.ARM.Collect$$rtentry$$00000009)
    .ARM.Collect$$rtentry$$0000000A          0x00000346   Section        4  __rtentry2.o(.ARM.Collect$$rtentry$$0000000A)
    .ARM.Collect$$rtentry$$0000000C          0x0000034a   Section        0  __rtentry2.o(.ARM.Collect$$rtentry$$0000000C)
    .ARM.Collect$$rtentry$$0000000D          0x0000034a   Section        8  __rtentry2.o(.ARM.Collect$$rtentry$$0000000D)
    .ARM.Collect$$rtexit$$00000000           0x00000352   Section        2  rtexit.o(.ARM.Collect$$rtexit$$00000000)
    .ARM.Collect$$rtexit$$00000002           0x00000354   Section        0  rtexit2.o(.ARM.Collect$$rtexit$$00000002)
    .ARM.Collect$$rtexit$$00000003           0x00000354   Section        4  rtexit2.o(.ARM.Collect$$rtexit$$00000003)
    .ARM.Collect$$rtexit$$00000004           0x00000358   Section        6  rtexit2.o(.ARM.Collect$$rtexit$$00000004)
    .text                                    0x00000360   Section       48  startup.o(.text)
    .text                                    0x00000390   Section       92  lcd.o(.text)
    .text                                    0x000003ec   Section       68  print.o(.text)
    .text                                    0x00000430   Section        0  heapauxi.o(.text)
    .text                                    0x00000436   Section       74  sys_stackheap_outer.o(.text)
    .text                                    0x00000480   Section        0  exit.o(.text)
    .text                                    0x00000494   Section        8  libspace.o(.text)
    .text                                    0x0000049c   Section        0  sys_exit.o(.text)
    .text                                    0x000004a8   Section        2  use_no_semi.o(.text)
    .text                                    0x000004aa   Section        0  indicate_semi.o(.text)
    i.ADC1_Init                              0x000004ac   Section        0  texas.o(i.ADC1_Init)
    i.ADC_In                                 0x00000574   Section        0  adc.o(i.ADC_In)
    i.ADC_Init                               0x000005a0   Section        0  adc.o(i.ADC_Init)
    i.DAC_Init                               0x00000664   Section        0  dac.o(i.DAC_Init)
    i.DAC_Out                                0x000006c4   Section        0  dac.o(i.DAC_Out)
    i.Delay100ms                             0x000006d0   Section        0  spaceinvaders.o(i.Delay100ms)
    i.Delay1ms                               0x000006f4   Section        0  st7735.o(i.Delay1ms)
    i.EnglishEnding                          0x00000714   Section        0  spaceinvaders.o(i.EnglishEnding)
    i.FiloEnding                             0x00000820   Section        0  spaceinvaders.o(i.FiloEnding)
    i.GeneralEnding                          0x000008f4   Section        0  spaceinvaders.o(i.GeneralEnding)
    i.Init                                   0x0000095c   Section        0  spaceinvaders.o(i.Init)
    i.LogicAnalyzerA                         0x00000a08   Section        0  texas.o(i.LogicAnalyzerA)
    i.LogicAnalyzerB                         0x00000a20   Section        0  texas.o(i.LogicAnalyzerB)
    i.LogicAnalyzerC                         0x00000a38   Section        0  texas.o(i.LogicAnalyzerC)
    i.LogicAnalyzerE                         0x00000a50   Section        0  texas.o(i.LogicAnalyzerE)
    i.LogicAnalyzerF                         0x00000a68   Section        0  texas.o(i.LogicAnalyzerF)
    i.Output_Init                            0x00000a80   Section        0  st7735.o(i.Output_Init)
    i.PLL_Init                               0x00000a90   Section        0  pll.o(i.PLL_Init)
    i.PeriodicTask2_Init                     0x00000b0c   Section        0  texas.o(i.PeriodicTask2_Init)
    i.ST7735_DrawBitmap                      0x00000ba0   Section        0  st7735.o(i.ST7735_DrawBitmap)
    i.ST7735_DrawCharS                       0x00000cc0   Section        0  st7735.o(i.ST7735_DrawCharS)
    i.ST7735_DrawPixel                       0x00000db8   Section        0  st7735.o(i.ST7735_DrawPixel)
    i.ST7735_DrawString                      0x00000e00   Section        0  st7735.o(i.ST7735_DrawString)
    i.ST7735_FillRect                        0x00000e54   Section        0  st7735.o(i.ST7735_FillRect)
    i.ST7735_FillScreen                      0x00000f00   Section        0  st7735.o(i.ST7735_FillScreen)
    i.ST7735_InitR                           0x00000f24   Section        0  st7735.o(i.ST7735_InitR)
    i.ST7735_OutChar                         0x00000fa0   Section        0  st7735.o(i.ST7735_OutChar)
    i.ST7735_OutString                       0x00001074   Section        0  st7735.o(i.ST7735_OutString)
    i.ST7735_SetCursor                       0x0000108c   Section        0  st7735.o(i.ST7735_SetCursor)
    i.Scope                                  0x000010ac   Section        0  texas.o(i.Scope)
    i.Sound_Explosion                        0x000010c0   Section        0  sound.o(i.Sound_Explosion)
    i.Sound_Init                             0x000010d4   Section        0  sound.o(i.Sound_Init)
    i.Sound_Killed                           0x00001100   Section        0  sound.o(i.Sound_Killed)
    i.Sound_Shoot                            0x00001114   Section        0  sound.o(i.Sound_Shoot)
    i.Sound_Start                            0x00001128   Section        0  sound.o(i.Sound_Start)
    i.SysTick_Handler                        0x00001144   Section        0  spaceinvaders.o(i.SysTick_Handler)
    i.SysTick_Init                           0x00001184   Section        0  spaceinvaders.o(i.SysTick_Init)
    i.TExaS_Init                             0x000011b4   Section        0  texas.o(i.TExaS_Init)
    i.Timer0A_Handler                        0x000012ac   Section        0  sound.o(i.Timer0A_Handler)
    i.Timer0_Init                            0x000012fc   Section        0  timer0.o(i.Timer0_Init)
    i.Timer1A_Handler                        0x0000135c   Section        0  spaceinvaders.o(i.Timer1A_Handler)
    i.Timer5A_Handler                        0x00001368   Section        0  texas.o(i.Timer5A_Handler)
    i.UART0_Init                             0x00001380   Section        0  texas.o(i.UART0_Init)
    i.commandList                            0x00001408   Section        0  st7735.o(i.commandList)
    commandList                              0x00001409   Thumb Code    86  st7735.o(i.commandList)
    i.commonInit                             0x00001460   Section        0  st7735.o(i.commonInit)
    commonInit                               0x00001461   Thumb Code   342  st7735.o(i.commonInit)
    i.ending                                 0x000015e8   Section        0  spaceinvaders.o(i.ending)
    i.main                                   0x000018cc   Section        0  spaceinvaders.o(i.main)
    i.printnowallshoot                       0x00002b80   Section        0  spaceinvaders.o(i.printnowallshoot)
    i.printwallshoot                         0x00002cbc   Section        0  spaceinvaders.o(i.printwallshoot)
    i.pushColor                              0x00002dc4   Section        0  st7735.o(i.pushColor)
    pushColor                                0x00002dc5   Thumb Code    18  st7735.o(i.pushColor)
    i.setAddrWindow                          0x00002dd8   Section        0  st7735.o(i.setAddrWindow)
    setAddrWindow                            0x00002dd9   Thumb Code   106  st7735.o(i.setAddrWindow)
    i.somefunnyshoot                         0x00002e4c   Section        0  spaceinvaders.o(i.somefunnyshoot)
    .constdata                               0x00002ee4   Section    15435  sound.o(.constdata)
    .constdata                               0x00006b30   Section     3252  spaceinvaders.o(.constdata)
    .constdata                               0x000077e4   Section     2114  st7735.o(.constdata)
    Font                                     0x000077e4   Data        1275  st7735.o(.constdata)
    Bcmd                                     0x00007cdf   Data         103  st7735.o(.constdata)
    Rcmd1                                    0x00007d46   Data          59  st7735.o(.constdata)
    Rcmd2green                               0x00007d81   Data          13  st7735.o(.constdata)
    Rcmd2red                                 0x00007d8e   Data          13  st7735.o(.constdata)
    Rcmd3                                    0x00007d9b   Data          43  st7735.o(.constdata)
    .data                                    0x20000000   Section       16  sound.o(.data)
    .data                                    0x20000010   Section      460  spaceinvaders.o(.data)
    .data                                    0x200001dc   Section       44  st7735.o(.data)
    ColStart                                 0x200001e6   Data           1  st7735.o(.data)
    RowStart                                 0x200001e7   Data           1  st7735.o(.data)
    Rotation                                 0x200001e8   Data           1  st7735.o(.data)
    TabColor                                 0x200001e9   Data           1  st7735.o(.data)
    _width                                   0x200001ea   Data           2  st7735.o(.data)
    _height                                  0x200001ec   Data           2  st7735.o(.data)
    .data                                    0x20000208   Section        4  texas.o(.data)
    .bss                                     0x2000020c   Section       96  libspace.o(.bss)
    HEAP                                     0x20000270   Section        0  startup.o(HEAP)
    STACK                                    0x20000270   Section     1024  startup.o(STACK)
    HeapMem                                  0x20000270   Data           0  startup.o(HEAP)
    StackMem                                 0x20000270   Data           0  startup.o(STACK)

    Global Symbols

    Symbol Name                              Value     Ov Type        Size  Object(Section)

    BuildAttributes$$THM_ISAv4$E$P$D$K$B$S$7EM$PE$A:L22UL41UL21$X:L11$S22US41US21$IEEE1$IW$USESV6$~STKCKD$USESV7$~SHL$OSPACE$ROPI$EBA8$UX$STANDARDLIB$REQ8$PRES8$EABIv2 0x00000000   Number         0  anon$$obj.o ABSOLUTE
    __ARM_use_no_argv                        0x00000000   Number         0  spaceinvaders.o ABSOLUTE
    __Vectors                                0x00000000   Data           0  startup.o(RESET)
    __ARM_exceptions_init                     - Undefined Weak Reference
    __alloca_initialize                       - Undefined Weak Reference
    __arm_fini_                               - Undefined Weak Reference
    __arm_preinit_                            - Undefined Weak Reference
    __cpp_initialize__aeabi_                  - Undefined Weak Reference
    __cxa_finalize                            - Undefined Weak Reference
    __rt_locale                               - Undefined Weak Reference
    __sigvec_lookup                           - Undefined Weak Reference
    _atexit_init                              - Undefined Weak Reference
    _call_atexit_fns                          - Undefined Weak Reference
    _clock_init                               - Undefined Weak Reference
    _fp_trap_init                             - Undefined Weak Reference
    _fp_trap_shutdown                         - Undefined Weak Reference
    _get_lc_collate                           - Undefined Weak Reference
    _get_lc_ctype                             - Undefined Weak Reference
    _get_lc_monetary                          - Undefined Weak Reference
    _get_lc_numeric                           - Undefined Weak Reference
    _get_lc_time                              - Undefined Weak Reference
    _getenv_init                              - Undefined Weak Reference
    _handle_redirection                       - Undefined Weak Reference
    _init_alloc                               - Undefined Weak Reference
    _init_user_alloc                          - Undefined Weak Reference
    _initio                                   - Undefined Weak Reference
    _rand_init                                - Undefined Weak Reference
    _signal_finish                            - Undefined Weak Reference
    _signal_init                              - Undefined Weak Reference
    _terminate_alloc                          - Undefined Weak Reference
    _terminate_user_alloc                     - Undefined Weak Reference
    _terminateio                              - Undefined Weak Reference
    Reset_Handler                            0x0000026d   Thumb Code     0  startup.o(RESET)
    NMI_Handler                              0x00000271   Thumb Code     2  startup.o(RESET)
    HardFault_Handler                        0x00000273   Thumb Code     2  startup.o(RESET)
    MemManage_Handler                        0x00000275   Thumb Code     2  startup.o(RESET)
    BusFault_Handler                         0x00000277   Thumb Code     2  startup.o(RESET)
    UsageFault_Handler                       0x00000279   Thumb Code     2  startup.o(RESET)
    SVC_Handler                              0x0000027b   Thumb Code     2  startup.o(RESET)
    DebugMon_Handler                         0x0000027d   Thumb Code     2  startup.o(RESET)
    PendSV_Handler                           0x0000027f   Thumb Code     2  startup.o(RESET)
    ADC0Seq0_Handler                         0x00000283   Thumb Code     0  startup.o(RESET)
    ADC0Seq1_Handler                         0x00000283   Thumb Code     0  startup.o(RESET)
    ADC0Seq2_Handler                         0x00000283   Thumb Code     0  startup.o(RESET)
    ADC0Seq3_Handler                         0x00000283   Thumb Code     0  startup.o(RESET)
    ADC1Seq0_Handler                         0x00000283   Thumb Code     0  startup.o(RESET)
    ADC1Seq1_Handler                         0x00000283   Thumb Code     0  startup.o(RESET)
    ADC1Seq2_Handler                         0x00000283   Thumb Code     0  startup.o(RESET)
    ADC1Seq3_Handler                         0x00000283   Thumb Code     0  startup.o(RESET)
    CAN0_Handler                             0x00000283   Thumb Code     0  startup.o(RESET)
    CAN1_Handler                             0x00000283   Thumb Code     0  startup.o(RESET)
    CAN2_Handler                             0x00000283   Thumb Code     0  startup.o(RESET)
    Comp0_Handler                            0x00000283   Thumb Code     0  startup.o(RESET)
    Comp1_Handler                            0x00000283   Thumb Code     0  startup.o(RESET)
    Comp2_Handler                            0x00000283   Thumb Code     0  startup.o(RESET)
    Ethernet_Handler                         0x00000283   Thumb Code     0  startup.o(RESET)
    ExtBus_Handler                           0x00000283   Thumb Code     0  startup.o(RESET)
    FPU_Handler                              0x00000283   Thumb Code     0  startup.o(RESET)
    Fan0_Handler                             0x00000283   Thumb Code     0  startup.o(RESET)
    FlashCtl_Handler                         0x00000283   Thumb Code     0  startup.o(RESET)
    GPIOPortA_Handler                        0x00000283   Thumb Code     0  startup.o(RESET)
    GPIOPortB_Handler                        0x00000283   Thumb Code     0  startup.o(RESET)
    GPIOPortC_Handler                        0x00000283   Thumb Code     0  startup.o(RESET)
    GPIOPortD_Handler                        0x00000283   Thumb Code     0  startup.o(RESET)
    GPIOPortE_Handler                        0x00000283   Thumb Code     0  startup.o(RESET)
    GPIOPortF_Handler                        0x00000283   Thumb Code     0  startup.o(RESET)
    GPIOPortG_Handler                        0x00000283   Thumb Code     0  startup.o(RESET)
    GPIOPortH_Handler                        0x00000283   Thumb Code     0  startup.o(RESET)
    GPIOPortJ_Handler                        0x00000283   Thumb Code     0  startup.o(RESET)
    GPIOPortK_Handler                        0x00000283   Thumb Code     0  startup.o(RESET)
    GPIOPortL_Handler                        0x00000283   Thumb Code     0  startup.o(RESET)
    GPIOPortM_Handler                        0x00000283   Thumb Code     0  startup.o(RESET)
    GPIOPortN_Handler                        0x00000283   Thumb Code     0  startup.o(RESET)
    GPIOPortP1_Handler                       0x00000283   Thumb Code     0  startup.o(RESET)
    GPIOPortP2_Handler                       0x00000283   Thumb Code     0  startup.o(RESET)
    GPIOPortP3_Handler                       0x00000283   Thumb Code     0  startup.o(RESET)
    GPIOPortP4_Handler                       0x00000283   Thumb Code     0  startup.o(RESET)
    GPIOPortP5_Handler                       0x00000283   Thumb Code     0  startup.o(RESET)
    GPIOPortP6_Handler                       0x00000283   Thumb Code     0  startup.o(RESET)
    GPIOPortP7_Handler                       0x00000283   Thumb Code     0  startup.o(RESET)
    GPIOPortP_Handler                        0x00000283   Thumb Code     0  startup.o(RESET)
    GPIOPortQ1_Handler                       0x00000283   Thumb Code     0  startup.o(RESET)
    GPIOPortQ2_Handler                       0x00000283   Thumb Code     0  startup.o(RESET)
    GPIOPortQ3_Handler                       0x00000283   Thumb Code     0  startup.o(RESET)
    GPIOPortQ4_Handler                       0x00000283   Thumb Code     0  startup.o(RESET)
    GPIOPortQ5_Handler                       0x00000283   Thumb Code     0  startup.o(RESET)
    GPIOPortQ6_Handler                       0x00000283   Thumb Code     0  startup.o(RESET)
    GPIOPortQ7_Handler                       0x00000283   Thumb Code     0  startup.o(RESET)
    GPIOPortQ_Handler                        0x00000283   Thumb Code     0  startup.o(RESET)
    GPIOPortR_Handler                        0x00000283   Thumb Code     0  startup.o(RESET)
    GPIOPortS_Handler                        0x00000283   Thumb Code     0  startup.o(RESET)
    Hibernate_Handler                        0x00000283   Thumb Code     0  startup.o(RESET)
    I2C0_Handler                             0x00000283   Thumb Code     0  startup.o(RESET)
    I2C1_Handler                             0x00000283   Thumb Code     0  startup.o(RESET)
    I2C2_Handler                             0x00000283   Thumb Code     0  startup.o(RESET)
    I2C3_Handler                             0x00000283   Thumb Code     0  startup.o(RESET)
    I2C4_Handler                             0x00000283   Thumb Code     0  startup.o(RESET)
    I2C5_Handler                             0x00000283   Thumb Code     0  startup.o(RESET)
    I2S0_Handler                             0x00000283   Thumb Code     0  startup.o(RESET)
    LPC0_Handler                             0x00000283   Thumb Code     0  startup.o(RESET)
    PECI0_Handler                            0x00000283   Thumb Code     0  startup.o(RESET)
    PWM0Fault_Handler                        0x00000283   Thumb Code     0  startup.o(RESET)
    PWM0Generator0_Handler                   0x00000283   Thumb Code     0  startup.o(RESET)
    PWM0Generator1_Handler                   0x00000283   Thumb Code     0  startup.o(RESET)
    PWM0Generator2_Handler                   0x00000283   Thumb Code     0  startup.o(RESET)
    PWM0Generator3_Handler                   0x00000283   Thumb Code     0  startup.o(RESET)
    PWM1Fault_Handler                        0x00000283   Thumb Code     0  startup.o(RESET)
    PWM1Generator0_Handler                   0x00000283   Thumb Code     0  startup.o(RESET)
    PWM1Generator1_Handler                   0x00000283   Thumb Code     0  startup.o(RESET)
    PWM1Generator2_Handler                   0x00000283   Thumb Code     0  startup.o(RESET)
    PWM1Generator3_Handler                   0x00000283   Thumb Code     0  startup.o(RESET)
    Quadrature0_Handler                      0x00000283   Thumb Code     0  startup.o(RESET)
    Quadrature1_Handler                      0x00000283   Thumb Code     0  startup.o(RESET)
    Quadrature2_Handler                      0x00000283   Thumb Code     0  startup.o(RESET)
    SSI0_Handler                             0x00000283   Thumb Code     0  startup.o(RESET)
    SSI1_Handler                             0x00000283   Thumb Code     0  startup.o(RESET)
    SSI2_Handler                             0x00000283   Thumb Code     0  startup.o(RESET)
    SSI3_Handler                             0x00000283   Thumb Code     0  startup.o(RESET)
    SysCtl_Handler                           0x00000283   Thumb Code     0  startup.o(RESET)
    Timer0B_Handler                          0x00000283   Thumb Code     0  startup.o(RESET)
    Timer1B_Handler                          0x00000283   Thumb Code     0  startup.o(RESET)
    Timer2A_Handler                          0x00000283   Thumb Code     0  startup.o(RESET)
    Timer2B_Handler                          0x00000283   Thumb Code     0  startup.o(RESET)
    Timer3A_Handler                          0x00000283   Thumb Code     0  startup.o(RESET)
    Timer3B_Handler                          0x00000283   Thumb Code     0  startup.o(RESET)
    Timer4A_Handler                          0x00000283   Thumb Code     0  startup.o(RESET)
    Timer4B_Handler                          0x00000283   Thumb Code     0  startup.o(RESET)
    Timer5B_Handler                          0x00000283   Thumb Code     0  startup.o(RESET)
    UART0_Handler                            0x00000283   Thumb Code     0  startup.o(RESET)
    UART1_Handler                            0x00000283   Thumb Code     0  startup.o(RESET)
    UART2_Handler                            0x00000283   Thumb Code     0  startup.o(RESET)
    UART3_Handler                            0x00000283   Thumb Code     0  startup.o(RESET)
    UART4_Handler                            0x00000283   Thumb Code     0  startup.o(RESET)
    UART5_Handler                            0x00000283   Thumb Code     0  startup.o(RESET)
    UART6_Handler                            0x00000283   Thumb Code     0  startup.o(RESET)
    UART7_Handler                            0x00000283   Thumb Code     0  startup.o(RESET)
    USB0_Handler                             0x00000283   Thumb Code     0  startup.o(RESET)
    WDT_Handler                              0x00000283   Thumb Code     0  startup.o(RESET)
    WideTimer0A_Handler                      0x00000283   Thumb Code     0  startup.o(RESET)
    WideTimer0B_Handler                      0x00000283   Thumb Code     0  startup.o(RESET)
    WideTimer1A_Handler                      0x00000283   Thumb Code     0  startup.o(RESET)
    WideTimer1B_Handler                      0x00000283   Thumb Code     0  startup.o(RESET)
    WideTimer2A_Handler                      0x00000283   Thumb Code     0  startup.o(RESET)
    WideTimer2B_Handler                      0x00000283   Thumb Code     0  startup.o(RESET)
    WideTimer3A_Handler                      0x00000283   Thumb Code     0  startup.o(RESET)
    WideTimer3B_Handler                      0x00000283   Thumb Code     0  startup.o(RESET)
    WideTimer4A_Handler                      0x00000283   Thumb Code     0  startup.o(RESET)
    WideTimer4B_Handler                      0x00000283   Thumb Code     0  startup.o(RESET)
    WideTimer5A_Handler                      0x00000283   Thumb Code     0  startup.o(RESET)
    WideTimer5B_Handler                      0x00000283   Thumb Code     0  startup.o(RESET)
    uDMA_Error                               0x00000283   Thumb Code     0  startup.o(RESET)
    uDMA_Handler                             0x00000283   Thumb Code     0  startup.o(RESET)
    __main                                   0x00000285   Thumb Code     8  __main.o(!!!main)
    __scatterload                            0x0000028d   Thumb Code     0  __scatter.o(!!!scatter)
    __scatterload_rt2                        0x0000028d   Thumb Code    44  __scatter.o(!!!scatter)
    __scatterload_rt2_thumb_only             0x0000028d   Thumb Code     0  __scatter.o(!!!scatter)
    __scatterload_null                       0x0000029b   Thumb Code     0  __scatter.o(!!!scatter)
    __decompress                             0x000002c1   Thumb Code    90  __dczerorl2.o(!!dczerorl2)
    __decompress1                            0x000002c1   Thumb Code     0  __dczerorl2.o(!!dczerorl2)
    __scatterload_zeroinit                   0x0000031d   Thumb Code    28  __scatter_zi.o(!!handler_zi)
    __rt_lib_init                            0x00000339   Thumb Code     0  libinit.o(.ARM.Collect$$libinit$$00000000)
    __rt_lib_init_alloca_1                   0x0000033b   Thumb Code     0  libinit2.o(.ARM.Collect$$libinit$$0000002E)
    __rt_lib_init_argv_1                     0x0000033b   Thumb Code     0  libinit2.o(.ARM.Collect$$libinit$$0000002C)
    __rt_lib_init_atexit_1                   0x0000033b   Thumb Code     0  libinit2.o(.ARM.Collect$$libinit$$0000001B)
    __rt_lib_init_clock_1                    0x0000033b   Thumb Code     0  libinit2.o(.ARM.Collect$$libinit$$00000021)
    __rt_lib_init_cpp_1                      0x0000033b   Thumb Code     0  libinit2.o(.ARM.Collect$$libinit$$00000032)
    __rt_lib_init_exceptions_1               0x0000033b   Thumb Code     0  libinit2.o(.ARM.Collect$$libinit$$00000030)
    __rt_lib_init_fp_1                       0x0000033b   Thumb Code     0  libinit2.o(.ARM.Collect$$libinit$$00000002)
    __rt_lib_init_fp_trap_1                  0x0000033b   Thumb Code     0  libinit2.o(.ARM.Collect$$libinit$$0000001F)
    __rt_lib_init_getenv_1                   0x0000033b   Thumb Code     0  libinit2.o(.ARM.Collect$$libinit$$00000023)
    __rt_lib_init_heap_1                     0x0000033b   Thumb Code     0  libinit2.o(.ARM.Collect$$libinit$$0000000A)
    __rt_lib_init_lc_collate_1               0x0000033b   Thumb Code     0  libinit2.o(.ARM.Collect$$libinit$$00000011)
    __rt_lib_init_lc_ctype_1                 0x0000033b   Thumb Code     0  libinit2.o(.ARM.Collect$$libinit$$00000013)
    __rt_lib_init_lc_monetary_1              0x0000033b   Thumb Code     0  libinit2.o(.ARM.Collect$$libinit$$00000015)
    __rt_lib_init_lc_numeric_1               0x0000033b   Thumb Code     0  libinit2.o(.ARM.Collect$$libinit$$00000017)
    __rt_lib_init_lc_time_1                  0x0000033b   Thumb Code     0  libinit2.o(.ARM.Collect$$libinit$$00000019)
    __rt_lib_init_preinit_1                  0x0000033b   Thumb Code     0  libinit2.o(.ARM.Collect$$libinit$$00000004)
    __rt_lib_init_rand_1                     0x0000033b   Thumb Code     0  libinit2.o(.ARM.Collect$$libinit$$0000000E)
    __rt_lib_init_return                     0x0000033b   Thumb Code     0  libinit2.o(.ARM.Collect$$libinit$$00000033)
    __rt_lib_init_signal_1                   0x0000033b   Thumb Code     0  libinit2.o(.ARM.Collect$$libinit$$0000001D)
    __rt_lib_init_stdio_1                    0x0000033b   Thumb Code     0  libinit2.o(.ARM.Collect$$libinit$$00000025)
    __rt_lib_init_user_alloc_1               0x0000033b   Thumb Code     0  libinit2.o(.ARM.Collect$$libinit$$0000000C)
    __rt_lib_shutdown                        0x0000033d   Thumb Code     0  libshutdown.o(.ARM.Collect$$libshutdown$$00000000)
    __rt_lib_shutdown_cpp_1                  0x0000033f   Thumb Code     0  libshutdown2.o(.ARM.Collect$$libshutdown$$00000004)
    __rt_lib_shutdown_fini_1                 0x0000033f   Thumb Code     0  libshutdown2.o(.ARM.Collect$$libshutdown$$00000002)
    __rt_lib_shutdown_fp_trap_1              0x0000033f   Thumb Code     0  libshutdown2.o(.ARM.Collect$$libshutdown$$00000009)
    __rt_lib_shutdown_heap_1                 0x0000033f   Thumb Code     0  libshutdown2.o(.ARM.Collect$$libshutdown$$00000011)
    __rt_lib_shutdown_return                 0x0000033f   Thumb Code     0  libshutdown2.o(.ARM.Collect$$libshutdown$$00000012)
    __rt_lib_shutdown_signal_1               0x0000033f   Thumb Code     0  libshutdown2.o(.ARM.Collect$$libshutdown$$0000000C)
    __rt_lib_shutdown_stdio_1                0x0000033f   Thumb Code     0  libshutdown2.o(.ARM.Collect$$libshutdown$$00000006)
    __rt_lib_shutdown_user_alloc_1           0x0000033f   Thumb Code     0  libshutdown2.o(.ARM.Collect$$libshutdown$$0000000E)
    __rt_entry                               0x00000341   Thumb Code     0  __rtentry.o(.ARM.Collect$$rtentry$$00000000)
    __rt_entry_presh_1                       0x00000341   Thumb Code     0  __rtentry2.o(.ARM.Collect$$rtentry$$00000002)
    __rt_entry_sh                            0x00000341   Thumb Code     0  __rtentry4.o(.ARM.Collect$$rtentry$$00000004)
    __rt_entry_li                            0x00000347   Thumb Code     0  __rtentry2.o(.ARM.Collect$$rtentry$$0000000A)
    __rt_entry_postsh_1                      0x00000347   Thumb Code     0  __rtentry2.o(.ARM.Collect$$rtentry$$00000009)
    __rt_entry_main                          0x0000034b   Thumb Code     0  __rtentry2.o(.ARM.Collect$$rtentry$$0000000D)
    __rt_entry_postli_1                      0x0000034b   Thumb Code     0  __rtentry2.o(.ARM.Collect$$rtentry$$0000000C)
    __rt_exit                                0x00000353   Thumb Code     0  rtexit.o(.ARM.Collect$$rtexit$$00000000)
    __rt_exit_ls                             0x00000355   Thumb Code     0  rtexit2.o(.ARM.Collect$$rtexit$$00000003)
    __rt_exit_prels_1                        0x00000355   Thumb Code     0  rtexit2.o(.ARM.Collect$$rtexit$$00000002)
    __rt_exit_exit                           0x00000359   Thumb Code     0  rtexit2.o(.ARM.Collect$$rtexit$$00000004)
    DisableInterrupts                        0x00000361   Thumb Code     0  startup.o(.text)
    EnableInterrupts                         0x00000365   Thumb Code     0  startup.o(.text)
    StartCritical                            0x00000369   Thumb Code     0  startup.o(.text)
    EndCritical                              0x00000371   Thumb Code     0  startup.o(.text)
    WaitForInterrupt                         0x00000377   Thumb Code     0  startup.o(.text)
    __user_initial_stackheap                 0x0000037b   Thumb Code     0  startup.o(.text)
    writecommand                             0x00000391   Thumb Code     0  lcd.o(.text)
    writedata                                0x000003c1   Thumb Code     0  lcd.o(.text)
    LCD_OutDec                               0x000003ed   Thumb Code     0  print.o(.text)
    __use_two_region_memory                  0x00000431   Thumb Code     2  heapauxi.o(.text)
    __rt_heap_escrow$2region                 0x00000433   Thumb Code     2  heapauxi.o(.text)
    __rt_heap_expand$2region                 0x00000435   Thumb Code     2  heapauxi.o(.text)
    __user_setup_stackheap                   0x00000437   Thumb Code    74  sys_stackheap_outer.o(.text)
    exit                                     0x00000481   Thumb Code    18  exit.o(.text)
    __user_libspace                          0x00000495   Thumb Code     8  libspace.o(.text)
    __user_perproc_libspace                  0x00000495   Thumb Code     0  libspace.o(.text)
    __user_perthread_libspace                0x00000495   Thumb Code     0  libspace.o(.text)
    _sys_exit                                0x0000049d   Thumb Code     8  sys_exit.o(.text)
    __I$use$semihosting                      0x000004a9   Thumb Code     0  use_no_semi.o(.text)
    __use_no_semihosting_swi                 0x000004a9   Thumb Code     2  use_no_semi.o(.text)
    __semihosting_library_function           0x000004ab   Thumb Code     0  indicate_semi.o(.text)
    ADC1_Init                                0x000004ad   Thumb Code   176  texas.o(i.ADC1_Init)
    ADC_In                                   0x00000575   Thumb Code    38  adc.o(i.ADC_In)
    ADC_Init                                 0x000005a1   Thumb Code   172  adc.o(i.ADC_Init)
    DAC_Init                                 0x00000665   Thumb Code    78  dac.o(i.DAC_Init)
    DAC_Out                                  0x000006c5   Thumb Code     6  dac.o(i.DAC_Out)
    Delay100ms                               0x000006d1   Thumb Code    30  spaceinvaders.o(i.Delay100ms)
    Delay1ms                                 0x000006f5   Thumb Code    32  st7735.o(i.Delay1ms)
    EnglishEnding                            0x00000715   Thumb Code   146  spaceinvaders.o(i.EnglishEnding)
    FiloEnding                               0x00000821   Thumb Code   112  spaceinvaders.o(i.FiloEnding)
    GeneralEnding                            0x000008f5   Thumb Code    74  spaceinvaders.o(i.GeneralEnding)
    Init                                     0x0000095d   Thumb Code   148  spaceinvaders.o(i.Init)
    LogicAnalyzerA                           0x00000a09   Thumb Code    16  texas.o(i.LogicAnalyzerA)
    LogicAnalyzerB                           0x00000a21   Thumb Code    14  texas.o(i.LogicAnalyzerB)
    LogicAnalyzerC                           0x00000a39   Thumb Code    16  texas.o(i.LogicAnalyzerC)
    LogicAnalyzerE                           0x00000a51   Thumb Code    14  texas.o(i.LogicAnalyzerE)
    LogicAnalyzerF                           0x00000a69   Thumb Code    14  texas.o(i.LogicAnalyzerF)
    Output_Init                              0x00000a81   Thumb Code    16  st7735.o(i.Output_Init)
    PLL_Init                                 0x00000a91   Thumb Code   120  pll.o(i.PLL_Init)
    PeriodicTask2_Init                       0x00000b0d   Thumb Code   128  texas.o(i.PeriodicTask2_Init)
    ST7735_DrawBitmap                        0x00000ba1   Thumb Code   280  st7735.o(i.ST7735_DrawBitmap)
    ST7735_DrawCharS                         0x00000cc1   Thumb Code   236  st7735.o(i.ST7735_DrawCharS)
    ST7735_DrawPixel                         0x00000db9   Thumb Code    64  st7735.o(i.ST7735_DrawPixel)
    ST7735_DrawString                        0x00000e01   Thumb Code    84  st7735.o(i.ST7735_DrawString)
    ST7735_FillRect                          0x00000e55   Thumb Code   164  st7735.o(i.ST7735_FillRect)
    ST7735_FillScreen                        0x00000f01   Thumb Code    28  st7735.o(i.ST7735_FillScreen)
    ST7735_InitR                             0x00000f25   Thumb Code    90  st7735.o(i.ST7735_InitR)
    ST7735_OutChar                           0x00000fa1   Thumb Code   176  st7735.o(i.ST7735_OutChar)
    ST7735_OutString                         0x00001075   Thumb Code    22  st7735.o(i.ST7735_OutString)
    ST7735_SetCursor                         0x0000108d   Thumb Code    22  st7735.o(i.ST7735_SetCursor)
    Scope                                    0x000010ad   Thumb Code    12  texas.o(i.Scope)
    Sound_Explosion                          0x000010c1   Thumb Code    14  sound.o(i.Sound_Explosion)
    Sound_Init                               0x000010d5   Thumb Code    40  sound.o(i.Sound_Init)
    Sound_Killed                             0x00001101   Thumb Code    14  sound.o(i.Sound_Killed)
    Sound_Shoot                              0x00001115   Thumb Code    14  sound.o(i.Sound_Shoot)
    Sound_Start                              0x00001129   Thumb Code    20  sound.o(i.Sound_Start)
    SysTick_Handler                          0x00001145   Thumb Code    48  spaceinvaders.o(i.SysTick_Handler)
    SysTick_Init                             0x00001185   Thumb Code    42  spaceinvaders.o(i.SysTick_Init)
    TExaS_Init                               0x000011b5   Thumb Code   214  texas.o(i.TExaS_Init)
    Timer0A_Handler                          0x000012ad   Thumb Code    64  sound.o(i.Timer0A_Handler)
    Timer0_Init                              0x000012fd   Thumb Code    78  timer0.o(i.Timer0_Init)
    Timer1A_Handler                          0x0000135d   Thumb Code     8  spaceinvaders.o(i.Timer1A_Handler)
    Timer5A_Handler                          0x00001369   Thumb Code    16  texas.o(i.Timer5A_Handler)
    UART0_Init                               0x00001381   Thumb Code   118  texas.o(i.UART0_Init)
    ending                                   0x000015e9   Thumb Code   588  spaceinvaders.o(i.ending)
    main                                     0x000018cd   Thumb Code  4722  spaceinvaders.o(i.main)
    printnowallshoot                         0x00002b81   Thumb Code   246  spaceinvaders.o(i.printnowallshoot)
    printwallshoot                           0x00002cbd   Thumb Code   190  spaceinvaders.o(i.printwallshoot)
    somefunnyshoot                           0x00002e4d   Thumb Code   116  spaceinvaders.o(i.somefunnyshoot)
    shoot                                    0x00002ee4   Data        4080  sound.o(.constdata)
    invaderkilled                            0x00003ed4   Data        3377  sound.o(.constdata)
    explosion                                0x00004c05   Data        2000  sound.o(.constdata)
    fastinvader1                             0x000053d5   Data         982  sound.o(.constdata)
    fastinvader2                             0x000057ab   Data        1042  sound.o(.constdata)
    fastinvader3                             0x00005bbd   Data        1054  sound.o(.constdata)
    fastinvader4                             0x00005fdb   Data        1098  sound.o(.constdata)
    highpitch                                0x00006425   Data        1802  sound.o(.constdata)
    SmallEnemy10pointA                       0x00006b30   Data         320  spaceinvaders.o(.constdata)
    SmallEnemy10pointB                       0x00006c70   Data         320  spaceinvaders.o(.constdata)
    SmallEnemy20pointA                       0x00006db0   Data         320  spaceinvaders.o(.constdata)
    SmallEnemy20pointB                       0x00006ef0   Data         320  spaceinvaders.o(.constdata)
    SmallEnemy30pointA                       0x00007030   Data         320  spaceinvaders.o(.constdata)
    SmallEnemy30pointB                       0x00007170   Data         320  spaceinvaders.o(.constdata)
    PlayerShip0                              0x000072b0   Data         288  spaceinvaders.o(.constdata)
    PlayerShip1                              0x000073d0   Data         288  spaceinvaders.o(.constdata)
    PlayerShip2                              0x000074f0   Data         288  spaceinvaders.o(.constdata)
    PlayerShip3                              0x00007610   Data         288  spaceinvaders.o(.constdata)
    Bunker0                                  0x00007730   Data         180  spaceinvaders.o(.constdata)
    smallCircle                              0x00007dc6   Data          36  st7735.o(.constdata)
    circle                                   0x00007dea   Data          60  st7735.o(.constdata)
    dBfs                                     0x00007e26   Data         512  st7735.o(.constdata)
    Region$$Table$$Base                      0x00008028   Number         0  anon$$obj.o(Region$$Table)
    Region$$Table$$Limit                     0x00008048   Number         0  anon$$obj.o(Region$$Table)
    Length                                   0x20000000   Data           4  sound.o(.data)
    SoundPt                                  0x20000004   Data           4  sound.o(.data)
    waveformshit                             0x20000008   Data           4  sound.o(.data)
    ind                                      0x2000000c   Data           4  sound.o(.data)
    x_value                                  0x20000010   Data           1  spaceinvaders.o(.data)
    y_value                                  0x20000011   Data           1  spaceinvaders.o(.data)
    input                                    0x20000014   Data           4  spaceinvaders.o(.data)
    language                                 0x20000018   Data           1  spaceinvaders.o(.data)
    start                                    0x20000019   Data           1  spaceinvaders.o(.data)
    endgame                                  0x2000001a   Data           1  spaceinvaders.o(.data)
    xLCD                                     0x2000001b   Data           1  spaceinvaders.o(.data)
    yLCD                                     0x2000001c   Data           1  spaceinvaders.o(.data)
    steps                                    0x20000020   Data           4  spaceinvaders.o(.data)
    Data                                     0x20000024   Data           4  spaceinvaders.o(.data)
    MailInADC                                0x20000028   Data           4  spaceinvaders.o(.data)
    ADCat                                    0x2000002c   Data           4  spaceinvaders.o(.data)
    exitgame                                 0x20000030   Data           1  spaceinvaders.o(.data)
    i                                        0x20000034   Data           4  spaceinvaders.o(.data)
    x                                        0x20000038   Data           4  spaceinvaders.o(.data)
    z                                        0x2000003c   Data           4  spaceinvaders.o(.data)
    placeholder                              0x20000040   Data           4  spaceinvaders.o(.data)
    a                                        0x20000044   Data           1  spaceinvaders.o(.data)
    b                                        0x20000045   Data           1  spaceinvaders.o(.data)
    c                                        0x20000046   Data           1  spaceinvaders.o(.data)
    d                                        0x20000047   Data           1  spaceinvaders.o(.data)
    e                                        0x20000048   Data           1  spaceinvaders.o(.data)
    counter                                  0x2000004a   Data           2  spaceinvaders.o(.data)
    Room                                     0x2000004c   Data         400  spaceinvaders.o(.data)
    StX                                      0x200001dc   Data           4  st7735.o(.data)
    StY                                      0x200001e0   Data           4  st7735.o(.data)
    StTextColor                              0x200001e4   Data           2  st7735.o(.data)
    Messageindex                             0x200001f0   Data           4  st7735.o(.data)
    Ymax                                     0x200001f4   Data           4  st7735.o(.data)
    Ymin                                     0x200001f8   Data           4  st7735.o(.data)
    X                                        0x200001fc   Data           4  st7735.o(.data)
    Yrange                                   0x20000200   Data           4  st7735.o(.data)
    lastj                                    0x20000204   Data           4  st7735.o(.data)
    PeriodicTask2                            0x20000208   Data           4  texas.o(.data)
    __libspace_start                         0x2000020c   Data          96  libspace.o(.bss)
    __temporary_stack_top$libspace           0x2000026c   Data           0  libspace.o(.bss)



==============================================================================

Memory Map of the image

  Image Entry point : 0x0000026d

  Load Region LR_1 (Base: 0x00000000, Size: 0x00008254, Max: 0xffffffff, ABSOLUTE, COMPRESSED[0x000080a0])

    Execution Region ER_RO (Exec base: 0x00000000, Load base: 0x00000000, Size: 0x00008048, Max: 0xffffffff, ABSOLUTE)

    Exec Addr    Load Addr    Size         Type   Attr      Idx    E Section Name        Object

    0x00000000   0x00000000   0x00000284   Code   RO            3  * RESET               startup.o
    0x00000284   0x00000284   0x00000008   Code   RO          655  * !!!main             c_w.l(__main.o)
    0x0000028c   0x0000028c   0x00000034   Code   RO          816    !!!scatter          c_w.l(__scatter.o)
    0x000002c0   0x000002c0   0x0000005a   Code   RO          814    !!dczerorl2         c_w.l(__dczerorl2.o)
    0x0000031a   0x0000031a   0x00000002   PAD
    0x0000031c   0x0000031c   0x0000001c   Code   RO          818    !!handler_zi        c_w.l(__scatter_zi.o)
    0x00000338   0x00000338   0x00000002   Code   RO          682    .ARM.Collect$$libinit$$00000000  c_w.l(libinit.o)
    0x0000033a   0x0000033a   0x00000000   Code   RO          689    .ARM.Collect$$libinit$$00000002  c_w.l(libinit2.o)
    0x0000033a   0x0000033a   0x00000000   Code   RO          691    .ARM.Collect$$libinit$$00000004  c_w.l(libinit2.o)
    0x0000033a   0x0000033a   0x00000000   Code   RO          694    .ARM.Collect$$libinit$$0000000A  c_w.l(libinit2.o)
    0x0000033a   0x0000033a   0x00000000   Code   RO          696    .ARM.Collect$$libinit$$0000000C  c_w.l(libinit2.o)
    0x0000033a   0x0000033a   0x00000000   Code   RO          698    .ARM.Collect$$libinit$$0000000E  c_w.l(libinit2.o)
    0x0000033a   0x0000033a   0x00000000   Code   RO          701    .ARM.Collect$$libinit$$00000011  c_w.l(libinit2.o)
    0x0000033a   0x0000033a   0x00000000   Code   RO          703    .ARM.Collect$$libinit$$00000013  c_w.l(libinit2.o)
    0x0000033a   0x0000033a   0x00000000   Code   RO          705    .ARM.Collect$$libinit$$00000015  c_w.l(libinit2.o)
    0x0000033a   0x0000033a   0x00000000   Code   RO          707    .ARM.Collect$$libinit$$00000017  c_w.l(libinit2.o)
    0x0000033a   0x0000033a   0x00000000   Code   RO          709    .ARM.Collect$$libinit$$00000019  c_w.l(libinit2.o)
    0x0000033a   0x0000033a   0x00000000   Code   RO          711    .ARM.Collect$$libinit$$0000001B  c_w.l(libinit2.o)
    0x0000033a   0x0000033a   0x00000000   Code   RO          713    .ARM.Collect$$libinit$$0000001D  c_w.l(libinit2.o)
    0x0000033a   0x0000033a   0x00000000   Code   RO          715    .ARM.Collect$$libinit$$0000001F  c_w.l(libinit2.o)
    0x0000033a   0x0000033a   0x00000000   Code   RO          717    .ARM.Collect$$libinit$$00000021  c_w.l(libinit2.o)
    0x0000033a   0x0000033a   0x00000000   Code   RO          719    .ARM.Collect$$libinit$$00000023  c_w.l(libinit2.o)
    0x0000033a   0x0000033a   0x00000000   Code   RO          721    .ARM.Collect$$libinit$$00000025  c_w.l(libinit2.o)
    0x0000033a   0x0000033a   0x00000000   Code   RO          725    .ARM.Collect$$libinit$$0000002C  c_w.l(libinit2.o)
    0x0000033a   0x0000033a   0x00000000   Code   RO          727    .ARM.Collect$$libinit$$0000002E  c_w.l(libinit2.o)
    0x0000033a   0x0000033a   0x00000000   Code   RO          729    .ARM.Collect$$libinit$$00000030  c_w.l(libinit2.o)
    0x0000033a   0x0000033a   0x00000000   Code   RO          731    .ARM.Collect$$libinit$$00000032  c_w.l(libinit2.o)
    0x0000033a   0x0000033a   0x00000002   Code   RO          732    .ARM.Collect$$libinit$$00000033  c_w.l(libinit2.o)
    0x0000033c   0x0000033c   0x00000002   Code   RO          752    .ARM.Collect$$libshutdown$$00000000  c_w.l(libshutdown.o)
    0x0000033e   0x0000033e   0x00000000   Code   RO          765    .ARM.Collect$$libshutdown$$00000002  c_w.l(libshutdown2.o)
    0x0000033e   0x0000033e   0x00000000   Code   RO          767    .ARM.Collect$$libshutdown$$00000004  c_w.l(libshutdown2.o)
    0x0000033e   0x0000033e   0x00000000   Code   RO          769    .ARM.Collect$$libshutdown$$00000006  c_w.l(libshutdown2.o)
    0x0000033e   0x0000033e   0x00000000   Code   RO          772    .ARM.Collect$$libshutdown$$00000009  c_w.l(libshutdown2.o)
    0x0000033e   0x0000033e   0x00000000   Code   RO          775    .ARM.Collect$$libshutdown$$0000000C  c_w.l(libshutdown2.o)
    0x0000033e   0x0000033e   0x00000000   Code   RO          777    .ARM.Collect$$libshutdown$$0000000E  c_w.l(libshutdown2.o)
    0x0000033e   0x0000033e   0x00000000   Code   RO          780    .ARM.Collect$$libshutdown$$00000011  c_w.l(libshutdown2.o)
    0x0000033e   0x0000033e   0x00000002   Code   RO          781    .ARM.Collect$$libshutdown$$00000012  c_w.l(libshutdown2.o)
    0x00000340   0x00000340   0x00000000   Code   RO          657    .ARM.Collect$$rtentry$$00000000  c_w.l(__rtentry.o)
    0x00000340   0x00000340   0x00000000   Code   RO          659    .ARM.Collect$$rtentry$$00000002  c_w.l(__rtentry2.o)
    0x00000340   0x00000340   0x00000006   Code   RO          671    .ARM.Collect$$rtentry$$00000004  c_w.l(__rtentry4.o)
    0x00000346   0x00000346   0x00000000   Code   RO          661    .ARM.Collect$$rtentry$$00000009  c_w.l(__rtentry2.o)
    0x00000346   0x00000346   0x00000004   Code   RO          662    .ARM.Collect$$rtentry$$0000000A  c_w.l(__rtentry2.o)
    0x0000034a   0x0000034a   0x00000000   Code   RO          664    .ARM.Collect$$rtentry$$0000000C  c_w.l(__rtentry2.o)
    0x0000034a   0x0000034a   0x00000008   Code   RO          665    .ARM.Collect$$rtentry$$0000000D  c_w.l(__rtentry2.o)
    0x00000352   0x00000352   0x00000002   Code   RO          686    .ARM.Collect$$rtexit$$00000000  c_w.l(rtexit.o)
    0x00000354   0x00000354   0x00000000   Code   RO          734    .ARM.Collect$$rtexit$$00000002  c_w.l(rtexit2.o)
    0x00000354   0x00000354   0x00000004   Code   RO          735    .ARM.Collect$$rtexit$$00000003  c_w.l(rtexit2.o)
    0x00000358   0x00000358   0x00000006   Code   RO          736    .ARM.Collect$$rtexit$$00000004  c_w.l(rtexit2.o)
    0x0000035e   0x0000035e   0x00000002   PAD
    0x00000360   0x00000360   0x00000030   Code   RO            4    .text               startup.o
    0x00000390   0x00000390   0x0000005c   Code   RO          138    .text               lcd.o
    0x000003ec   0x000003ec   0x00000044   Code   RO          141    .text               print.o
    0x00000430   0x00000430   0x00000006   Code   RO          653    .text               c_w.l(heapauxi.o)
    0x00000436   0x00000436   0x0000004a   Code   RO          673    .text               c_w.l(sys_stackheap_outer.o)
    0x00000480   0x00000480   0x00000012   Code   RO          675    .text               c_w.l(exit.o)
    0x00000492   0x00000492   0x00000002   PAD
    0x00000494   0x00000494   0x00000008   Code   RO          683    .text               c_w.l(libspace.o)
    0x0000049c   0x0000049c   0x0000000c   Code   RO          744    .text               c_w.l(sys_exit.o)
    0x000004a8   0x000004a8   0x00000002   Code   RO          755    .text               c_w.l(use_no_semi.o)
    0x000004aa   0x000004aa   0x00000000   Code   RO          757    .text               c_w.l(indicate_semi.o)
    0x000004aa   0x000004aa   0x00000002   PAD
    0x000004ac   0x000004ac   0x000000c8   Code   RO          534    i.ADC1_Init         texas.o
    0x00000574   0x00000574   0x0000002c   Code   RO           44    i.ADC_In            adc.o
    0x000005a0   0x000005a0   0x000000c4   Code   RO           45    i.ADC_Init          adc.o
    0x00000664   0x00000664   0x00000060   Code   RO           16    i.DAC_Init          dac.o
    0x000006c4   0x000006c4   0x0000000c   Code   RO           17    i.DAC_Out           dac.o
    0x000006d0   0x000006d0   0x00000024   Code   RO          144    i.Delay100ms        spaceinvaders.o
    0x000006f4   0x000006f4   0x00000020   Code   RO          254    i.Delay1ms          st7735.o
    0x00000714   0x00000714   0x0000010c   Code   RO          145    i.EnglishEnding     spaceinvaders.o
    0x00000820   0x00000820   0x000000d4   Code   RO          146    i.FiloEnding        spaceinvaders.o
    0x000008f4   0x000008f4   0x00000068   Code   RO          147    i.GeneralEnding     spaceinvaders.o
    0x0000095c   0x0000095c   0x000000ac   Code   RO          148    i.Init              spaceinvaders.o
    0x00000a08   0x00000a08   0x00000018   Code   RO          535    i.LogicAnalyzerA    texas.o
    0x00000a20   0x00000a20   0x00000018   Code   RO          536    i.LogicAnalyzerB    texas.o
    0x00000a38   0x00000a38   0x00000018   Code   RO          537    i.LogicAnalyzerC    texas.o
    0x00000a50   0x00000a50   0x00000018   Code   RO          538    i.LogicAnalyzerE    texas.o
    0x00000a68   0x00000a68   0x00000018   Code   RO          539    i.LogicAnalyzerF    texas.o
    0x00000a80   0x00000a80   0x00000010   Code   RO          257    i.Output_Init       st7735.o
    0x00000a90   0x00000a90   0x0000007c   Code   RO          639    i.PLL_Init          pll.o
    0x00000b0c   0x00000b0c   0x00000094   Code   RO          540    i.PeriodicTask2_Init  texas.o
    0x00000ba0   0x00000ba0   0x00000120   Code   RO          261    i.ST7735_DrawBitmap  st7735.o
    0x00000cc0   0x00000cc0   0x000000f8   Code   RO          263    i.ST7735_DrawCharS  st7735.o
    0x00000db8   0x00000db8   0x00000048   Code   RO          267    i.ST7735_DrawPixel  st7735.o
    0x00000e00   0x00000e00   0x00000054   Code   RO          269    i.ST7735_DrawString  st7735.o
    0x00000e54   0x00000e54   0x000000ac   Code   RO          270    i.ST7735_FillRect   st7735.o
    0x00000f00   0x00000f00   0x00000024   Code   RO          271    i.ST7735_FillScreen  st7735.o
    0x00000f24   0x00000f24   0x0000007c   Code   RO          273    i.ST7735_InitR      st7735.o
    0x00000fa0   0x00000fa0   0x000000d4   Code   RO          275    i.ST7735_OutChar    st7735.o
    0x00001074   0x00001074   0x00000016   Code   RO          276    i.ST7735_OutString  st7735.o
    0x0000108a   0x0000108a   0x00000002   PAD
    0x0000108c   0x0000108c   0x00000020   Code   RO          286    i.ST7735_SetCursor  st7735.o
    0x000010ac   0x000010ac   0x00000014   Code   RO          542    i.Scope             texas.o
    0x000010c0   0x000010c0   0x00000014   Code   RO           86    i.Sound_Explosion   sound.o
    0x000010d4   0x000010d4   0x0000002c   Code   RO           87    i.Sound_Init        sound.o
    0x00001100   0x00001100   0x00000014   Code   RO           88    i.Sound_Killed      sound.o
    0x00001114   0x00001114   0x00000014   Code   RO           89    i.Sound_Shoot       sound.o
    0x00001128   0x00001128   0x0000001c   Code   RO           90    i.Sound_Start       sound.o
    0x00001144   0x00001144   0x00000040   Code   RO          149    i.SysTick_Handler   spaceinvaders.o
    0x00001184   0x00001184   0x00000030   Code   RO          150    i.SysTick_Init      spaceinvaders.o
    0x000011b4   0x000011b4   0x000000f8   Code   RO          543    i.TExaS_Init        texas.o
    0x000012ac   0x000012ac   0x00000050   Code   RO           91    i.Timer0A_Handler   sound.o
    0x000012fc   0x000012fc   0x00000060   Code   RO           62    i.Timer0_Init       timer0.o
    0x0000135c   0x0000135c   0x0000000c   Code   RO          151    i.Timer1A_Handler   spaceinvaders.o
    0x00001368   0x00001368   0x00000018   Code   RO          545    i.Timer5A_Handler   texas.o
    0x00001380   0x00001380   0x00000088   Code   RO          547    i.UART0_Init        texas.o
    0x00001408   0x00001408   0x00000056   Code   RO          290    i.commandList       st7735.o
    0x0000145e   0x0000145e   0x00000002   PAD
    0x00001460   0x00001460   0x00000188   Code   RO          291    i.commonInit        st7735.o
    0x000015e8   0x000015e8   0x000002e4   Code   RO          152    i.ending            spaceinvaders.o
    0x000018cc   0x000018cc   0x000012b4   Code   RO          153    i.main              spaceinvaders.o
    0x00002b80   0x00002b80   0x0000013c   Code   RO          154    i.printnowallshoot  spaceinvaders.o
    0x00002cbc   0x00002cbc   0x00000108   Code   RO          155    i.printwallshoot    spaceinvaders.o
    0x00002dc4   0x00002dc4   0x00000012   Code   RO          297    i.pushColor         st7735.o
    0x00002dd6   0x00002dd6   0x00000002   PAD
    0x00002dd8   0x00002dd8   0x00000074   Code   RO          298    i.setAddrWindow     st7735.o
    0x00002e4c   0x00002e4c   0x00000098   Code   RO          156    i.somefunnyshoot    spaceinvaders.o
    0x00002ee4   0x00002ee4   0x00003c4b   Data   RO           92    .constdata          sound.o
    0x00006b2f   0x00006b2f   0x00000001   PAD
    0x00006b30   0x00006b30   0x00000cb4   Data   RO          157    .constdata          spaceinvaders.o
    0x000077e4   0x000077e4   0x00000842   Data   RO          300    .constdata          st7735.o
    0x00008026   0x00008026   0x00000002   PAD
    0x00008028   0x00008028   0x00000020   Data   RO          812    Region$$Table       anon$$obj.o


    Execution Region ER_RW (Exec base: 0x20000000, Load base: 0x00008048, Size: 0x0000020c, Max: 0xffffffff, ABSOLUTE, COMPRESSED[0x00000058])

    Exec Addr    Load Addr    Size         Type   Attr      Idx    E Section Name        Object

    0x20000000   COMPRESSED   0x00000010   Data   RW           93    .data               sound.o
    0x20000010   COMPRESSED   0x000001cc   Data   RW          158    .data               spaceinvaders.o
    0x200001dc   COMPRESSED   0x0000002c   Data   RW          301    .data               st7735.o
    0x20000208   COMPRESSED   0x00000004   Data   RW          550    .data               texas.o


    Execution Region ER_ZI (Exec base: 0x2000020c, Load base: 0x000080a0, Size: 0x00000464, Max: 0xffffffff, ABSOLUTE)

    Exec Addr    Load Addr    Size         Type   Attr      Idx    E Section Name        Object

    0x2000020c        -       0x00000060   Zero   RW          684    .bss                c_w.l(libspace.o)
    0x2000026c   0x000080a0   0x00000004   PAD
    0x20000270        -       0x00000000   Zero   RW            2    HEAP                startup.o
    0x20000270        -       0x00000400   Zero   RW            1    STACK               startup.o

